Archive member included to satisfy reference by file (symbol)

c:/st/stm32cubeide_1.0.2/stm32cubeide/plugins/com.st.stm32cube.ide.mcu.externaltools.gnu-tools-for-stm32.7-2018-q2-update.win32_1.0.0.201904181610/tools/bin/../lib/gcc/arm-none-eabi/7.3.1/../../../../arm-none-eabi/lib/thumb/v7e-m/fpv4-sp/hard\libc_nano.a(lib_a-errno.o)
                              Src\syscalls.o (__errno)
c:/st/stm32cubeide_1.0.2/stm32cubeide/plugins/com.st.stm32cube.ide.mcu.externaltools.gnu-tools-for-stm32.7-2018-q2-update.win32_1.0.0.201904181610/tools/bin/../lib/gcc/arm-none-eabi/7.3.1/../../../../arm-none-eabi/lib/thumb/v7e-m/fpv4-sp/hard\libc_nano.a(lib_a-exit.o)
                              c:/st/stm32cubeide_1.0.2/stm32cubeide/plugins/com.st.stm32cube.ide.mcu.externaltools.gnu-tools-for-stm32.7-2018-q2-update.win32_1.0.0.201904181610/tools/bin/../lib/gcc/arm-none-eabi/7.3.1/../../../../arm-none-eabi/lib/thumb/v7e-m/fpv4-sp/hard/crt0.o (exit)
c:/st/stm32cubeide_1.0.2/stm32cubeide/plugins/com.st.stm32cube.ide.mcu.externaltools.gnu-tools-for-stm32.7-2018-q2-update.win32_1.0.0.201904181610/tools/bin/../lib/gcc/arm-none-eabi/7.3.1/../../../../arm-none-eabi/lib/thumb/v7e-m/fpv4-sp/hard\libc_nano.a(lib_a-impure.o)
                              c:/st/stm32cubeide_1.0.2/stm32cubeide/plugins/com.st.stm32cube.ide.mcu.externaltools.gnu-tools-for-stm32.7-2018-q2-update.win32_1.0.0.201904181610/tools/bin/../lib/gcc/arm-none-eabi/7.3.1/../../../../arm-none-eabi/lib/thumb/v7e-m/fpv4-sp/hard\libc_nano.a(lib_a-exit.o) (_global_impure_ptr)
c:/st/stm32cubeide_1.0.2/stm32cubeide/plugins/com.st.stm32cube.ide.mcu.externaltools.gnu-tools-for-stm32.7-2018-q2-update.win32_1.0.0.201904181610/tools/bin/../lib/gcc/arm-none-eabi/7.3.1/../../../../arm-none-eabi/lib/thumb/v7e-m/fpv4-sp/hard\libc_nano.a(lib_a-init.o)
                              c:/st/stm32cubeide_1.0.2/stm32cubeide/plugins/com.st.stm32cube.ide.mcu.externaltools.gnu-tools-for-stm32.7-2018-q2-update.win32_1.0.0.201904181610/tools/bin/../lib/gcc/arm-none-eabi/7.3.1/../../../../arm-none-eabi/lib/thumb/v7e-m/fpv4-sp/hard/crt0.o (__libc_init_array)
c:/st/stm32cubeide_1.0.2/stm32cubeide/plugins/com.st.stm32cube.ide.mcu.externaltools.gnu-tools-for-stm32.7-2018-q2-update.win32_1.0.0.201904181610/tools/bin/../lib/gcc/arm-none-eabi/7.3.1/../../../../arm-none-eabi/lib/thumb/v7e-m/fpv4-sp/hard\libc_nano.a(lib_a-memset.o)
                              c:/st/stm32cubeide_1.0.2/stm32cubeide/plugins/com.st.stm32cube.ide.mcu.externaltools.gnu-tools-for-stm32.7-2018-q2-update.win32_1.0.0.201904181610/tools/bin/../lib/gcc/arm-none-eabi/7.3.1/../../../../arm-none-eabi/lib/thumb/v7e-m/fpv4-sp/hard/crt0.o (memset)
c:/st/stm32cubeide_1.0.2/stm32cubeide/plugins/com.st.stm32cube.ide.mcu.externaltools.gnu-tools-for-stm32.7-2018-q2-update.win32_1.0.0.201904181610/tools/bin/../lib/gcc/arm-none-eabi/7.3.1/thumb/v7e-m/fpv4-sp/hard\libgcc.a(_aeabi_uldivmod.o)
                              Drivers\STM32F4xx_HAL_Driver\Src\stm32f4xx_hal_rcc.o (__aeabi_uldivmod)
c:/st/stm32cubeide_1.0.2/stm32cubeide/plugins/com.st.stm32cube.ide.mcu.externaltools.gnu-tools-for-stm32.7-2018-q2-update.win32_1.0.0.201904181610/tools/bin/../lib/gcc/arm-none-eabi/7.3.1/thumb/v7e-m/fpv4-sp/hard\libgcc.a(_udivmoddi4.o)
                              c:/st/stm32cubeide_1.0.2/stm32cubeide/plugins/com.st.stm32cube.ide.mcu.externaltools.gnu-tools-for-stm32.7-2018-q2-update.win32_1.0.0.201904181610/tools/bin/../lib/gcc/arm-none-eabi/7.3.1/thumb/v7e-m/fpv4-sp/hard\libgcc.a(_aeabi_uldivmod.o) (__udivmoddi4)
c:/st/stm32cubeide_1.0.2/stm32cubeide/plugins/com.st.stm32cube.ide.mcu.externaltools.gnu-tools-for-stm32.7-2018-q2-update.win32_1.0.0.201904181610/tools/bin/../lib/gcc/arm-none-eabi/7.3.1/thumb/v7e-m/fpv4-sp/hard\libgcc.a(_dvmd_tls.o)
                              c:/st/stm32cubeide_1.0.2/stm32cubeide/plugins/com.st.stm32cube.ide.mcu.externaltools.gnu-tools-for-stm32.7-2018-q2-update.win32_1.0.0.201904181610/tools/bin/../lib/gcc/arm-none-eabi/7.3.1/thumb/v7e-m/fpv4-sp/hard\libgcc.a(_aeabi_uldivmod.o) (__aeabi_ldiv0)

Allocating common symbols
Common symbol       size              file

adc_val             0x400             Src\main.o
uwTick              0x4               Drivers\STM32F4xx_HAL_Driver\Src\stm32f4xx_hal.o
pFlash              0x20              Drivers\STM32F4xx_HAL_Driver\Src\stm32f4xx_hal_flash.o
hdma_dac1           0x60              Src\main.o
hadc1               0x48              Src\main.o
hdac                0x14              Src\main.o
hdma_adc1           0x60              Src\main.o
dac_val             0x400             Src\main.o
htim2               0x40              Src\main.o

Discarded input sections

 .text          0x0000000000000000        0x0 c:/st/stm32cubeide_1.0.2/stm32cubeide/plugins/com.st.stm32cube.ide.mcu.externaltools.gnu-tools-for-stm32.7-2018-q2-update.win32_1.0.0.201904181610/tools/bin/../lib/gcc/arm-none-eabi/7.3.1/thumb/v7e-m/fpv4-sp/hard/crti.o
[...]
Memory Configuration

Name             Origin             Length             Attributes
CCMRAM           0x0000000010000000 0x0000000000010000 xrw
RAM              0x0000000020000000 0x0000000000020000 xrw
FLASH            0x0000000008000000 0x0000000000100000 xr
*default*        0x0000000000000000 0xffffffffffffffff

Linker script and memory map

LOAD c:/st/stm32cubeide_1.0.2/stm32cubeide/plugins/com.st.stm32cube.ide.mcu.externaltools.gnu-tools-for-stm32.7-2018-q2-update.win32_1.0.0.201904181610/tools/bin/../lib/gcc/arm-none-eabi/7.3.1/thumb/v7e-m/fpv4-sp/hard/crti.o
LOAD c:/st/stm32cubeide_1.0.2/stm32cubeide/plugins/com.st.stm32cube.ide.mcu.externaltools.gnu-tools-for-stm32.7-2018-q2-update.win32_1.0.0.201904181610/tools/bin/../lib/gcc/arm-none-eabi/7.3.1/thumb/v7e-m/fpv4-sp/hard/crtbegin.o
LOAD c:/st/stm32cubeide_1.0.2/stm32cubeide/plugins/com.st.stm32cube.ide.mcu.externaltools.gnu-tools-for-stm32.7-2018-q2-update.win32_1.0.0.201904181610/tools/bin/../lib/gcc/arm-none-eabi/7.3.1/../../../../arm-none-eabi/lib/thumb/v7e-m/fpv4-sp/hard/crt0.o
LOAD Drivers\STM32F4xx_HAL_Driver\Src\stm32f4xx_hal.o
LOAD Drivers\STM32F4xx_HAL_Driver\Src\stm32f4xx_hal_adc.o
LOAD Drivers\STM32F4xx_HAL_Driver\Src\stm32f4xx_hal_adc_ex.o
LOAD Drivers\STM32F4xx_HAL_Driver\Src\stm32f4xx_hal_cortex.o
LOAD Drivers\STM32F4xx_HAL_Driver\Src\stm32f4xx_hal_dac.o
LOAD Drivers\STM32F4xx_HAL_Driver\Src\stm32f4xx_hal_dac_ex.o
LOAD Drivers\STM32F4xx_HAL_Driver\Src\stm32f4xx_hal_dma.o
LOAD Drivers\STM32F4xx_HAL_Driver\Src\stm32f4xx_hal_dma_ex.o
LOAD Drivers\STM32F4xx_HAL_Driver\Src\stm32f4xx_hal_exti.o
LOAD Drivers\STM32F4xx_HAL_Driver\Src\stm32f4xx_hal_flash.o
LOAD Drivers\STM32F4xx_HAL_Driver\Src\stm32f4xx_hal_flash_ex.o
LOAD Drivers\STM32F4xx_HAL_Driver\Src\stm32f4xx_hal_flash_ramfunc.o
LOAD Drivers\STM32F4xx_HAL_Driver\Src\stm32f4xx_hal_gpio.o
LOAD Drivers\STM32F4xx_HAL_Driver\Src\stm32f4xx_hal_pwr.o
LOAD Drivers\STM32F4xx_HAL_Driver\Src\stm32f4xx_hal_pwr_ex.o
LOAD Drivers\STM32F4xx_HAL_Driver\Src\stm32f4xx_hal_rcc.o
LOAD Drivers\STM32F4xx_HAL_Driver\Src\stm32f4xx_hal_rcc_ex.o
LOAD Drivers\STM32F4xx_HAL_Driver\Src\stm32f4xx_hal_tim.o
LOAD Drivers\STM32F4xx_HAL_Driver\Src\stm32f4xx_hal_tim_ex.o
LOAD Src\main.o
LOAD Src\stm32f4xx_hal_msp.o
LOAD Src\stm32f4xx_it.o
LOAD Src\syscalls.o
LOAD Src\sysmem.o
LOAD Src\system_stm32f4xx.o
LOAD Startup\startup_stm32f407vgtx.o
START GROUP
LOAD c:/st/stm32cubeide_1.0.2/stm32cubeide/plugins/com.st.stm32cube.ide.mcu.externaltools.gnu-tools-for-stm32.7-2018-q2-update.win32_1.0.0.201904181610/tools/bin/../lib/gcc/arm-none-eabi/7.3.1/../../../../arm-none-eabi/lib/thumb/v7e-m/fpv4-sp/hard\libc_nano.a
LOAD c:/st/stm32cubeide_1.0.2/stm32cubeide/plugins/com.st.stm32cube.ide.mcu.externaltools.gnu-tools-for-stm32.7-2018-q2-update.win32_1.0.0.201904181610/tools/bin/../lib/gcc/arm-none-eabi/7.3.1/../../../../arm-none-eabi/lib/thumb/v7e-m/fpv4-sp/hard\libm.a
END GROUP
START GROUP
LOAD c:/st/stm32cubeide_1.0.2/stm32cubeide/plugins/com.st.stm32cube.ide.mcu.externaltools.gnu-tools-for-stm32.7-2018-q2-update.win32_1.0.0.201904181610/tools/bin/../lib/gcc/arm-none-eabi/7.3.1/thumb/v7e-m/fpv4-sp/hard\libgcc.a
LOAD c:/st/stm32cubeide_1.0.2/stm32cubeide/plugins/com.st.stm32cube.ide.mcu.externaltools.gnu-tools-for-stm32.7-2018-q2-update.win32_1.0.0.201904181610/tools/bin/../lib/gcc/arm-none-eabi/7.3.1/../../../../arm-none-eabi/lib/thumb/v7e-m/fpv4-sp/hard\libc_nano.a
END GROUP
START GROUP
LOAD c:/st/stm32cubeide_1.0.2/stm32cubeide/plugins/com.st.stm32cube.ide.mcu.externaltools.gnu-tools-for-stm32.7-2018-q2-update.win32_1.0.0.201904181610/tools/bin/../lib/gcc/arm-none-eabi/7.3.1/thumb/v7e-m/fpv4-sp/hard\libgcc.a
LOAD c:/st/stm32cubeide_1.0.2/stm32cubeide/plugins/com.st.stm32cube.ide.mcu.externaltools.gnu-tools-for-stm32.7-2018-q2-update.win32_1.0.0.201904181610/tools/bin/../lib/gcc/arm-none-eabi/7.3.1/../../../../arm-none-eabi/lib/thumb/v7e-m/fpv4-sp/hard\libc_nano.a
LOAD c:/st/stm32cubeide_1.0.2/stm32cubeide/plugins/com.st.stm32cube.ide.mcu.externaltools.gnu-tools-for-stm32.7-2018-q2-update.win32_1.0.0.201904181610/tools/bin/../lib/gcc/arm-none-eabi/7.3.1/../../../../arm-none-eabi/lib/thumb/v7e-m/fpv4-sp/hard\libnosys.a
END GROUP
START GROUP
LOAD c:/st/stm32cubeide_1.0.2/stm32cubeide/plugins/com.st.stm32cube.ide.mcu.externaltools.gnu-tools-for-stm32.7-2018-q2-update.win32_1.0.0.201904181610/tools/bin/../lib/gcc/arm-none-eabi/7.3.1/thumb/v7e-m/fpv4-sp/hard\libgcc.a
LOAD c:/st/stm32cubeide_1.0.2/stm32cubeide/plugins/com.st.stm32cube.ide.mcu.externaltools.gnu-tools-for-stm32.7-2018-q2-update.win32_1.0.0.201904181610/tools/bin/../lib/gcc/arm-none-eabi/7.3.1/../../../../arm-none-eabi/lib/thumb/v7e-m/fpv4-sp/hard\libc_nano.a
LOAD c:/st/stm32cubeide_1.0.2/stm32cubeide/plugins/com.st.stm32cube.ide.mcu.externaltools.gnu-tools-for-stm32.7-2018-q2-update.win32_1.0.0.201904181610/tools/bin/../lib/gcc/arm-none-eabi/7.3.1/../../../../arm-none-eabi/lib/thumb/v7e-m/fpv4-sp/hard\libnosys.a
END GROUP
LOAD c:/st/stm32cubeide_1.0.2/stm32cubeide/plugins/com.st.stm32cube.ide.mcu.externaltools.gnu-tools-for-stm32.7-2018-q2-update.win32_1.0.0.201904181610/tools/bin/../lib/gcc/arm-none-eabi/7.3.1/thumb/v7e-m/fpv4-sp/hard/crtend.o
LOAD c:/st/stm32cubeide_1.0.2/stm32cubeide/plugins/com.st.stm32cube.ide.mcu.externaltools.gnu-tools-for-stm32.7-2018-q2-update.win32_1.0.0.201904181610/tools/bin/../lib/gcc/arm-none-eabi/7.3.1/thumb/v7e-m/fpv4-sp/hard/crtn.o
                0x0000000020020000                _estack = 0x20020000
                0x0000000000000200                _Min_Heap_Size = 0x200
                0x0000000000000400                _Min_Stack_Size = 0x400

.isr_vector     0x0000000008000000      0x188
                0x0000000008000000                . = ALIGN (0x4)
 *(.isr_vector)
 .isr_vector    0x0000000008000000      0x188 Startup\startup_stm32f407vgtx.o
                0x0000000008000000                g_pfnVectors
                0x0000000008000188                . = ALIGN (0x4)

.text           0x0000000008000188     0x30f8
                0x0000000008000188                . = ALIGN (0x4)
 *(.text)
 .text          0x0000000008000188       0x40 c:/st/stm32cubeide_1.0.2/stm32cubeide/plugins/com.st.stm32cube.ide.mcu.externaltools.gnu-tools-for-stm32.7-2018-q2-update.win32_1.0.0.201904181610/tools/bin/../lib/gcc/arm-none-eabi/7.3.1/thumb/v7e-m/fpv4-sp/hard/crtbegin.o
 .text          0x00000000080001c8       0x30 c:/st/stm32cubeide_1.0.2/stm32cubeide/plugins/com.st.stm32cube.ide.mcu.externaltools.gnu-tools-for-stm32.7-2018-q2-update.win32_1.0.0.201904181610/tools/bin/../lib/gcc/arm-none-eabi/7.3.1/thumb/v7e-m/fpv4-sp/hard\libgcc.a(_aeabi_uldivmod.o)
                0x00000000080001c8                __aeabi_uldivmod
 .text          0x00000000080001f8      0x2cc c:/st/stm32cubeide_1.0.2/stm32cubeide/plugins/com.st.stm32cube.ide.mcu.externaltools.gnu-tools-for-stm32.7-2018-q2-update.win32_1.0.0.201904181610/tools/bin/../lib/gcc/arm-none-eabi/7.3.1/thumb/v7e-m/fpv4-sp/hard\libgcc.a(_udivmoddi4.o)
                0x00000000080001f8                __udivmoddi4
 .text          0x00000000080004c4        0x4 c:/st/stm32cubeide_1.0.2/stm32cubeide/plugins/com.st.stm32cube.ide.mcu.externaltools.gnu-tools-for-stm32.7-2018-q2-update.win32_1.0.0.201904181610/tools/bin/../lib/gcc/arm-none-eabi/7.3.1/thumb/v7e-m/fpv4-sp/hard\libgcc.a(_dvmd_tls.o)
                0x00000000080004c4                __aeabi_idiv0
                0x00000000080004c4                __aeabi_ldiv0
 *(.text*)
 .text.HAL_Init
                0x00000000080004c8       0x44 Drivers\STM32F4xx_HAL_Driver\Src\stm32f4xx_hal.o
                0x00000000080004c8                HAL_Init
 .text.HAL_InitTick
                0x000000000800050c       0x60 Drivers\STM32F4xx_HAL_Driver\Src\stm32f4xx_hal.o
                0x000000000800050c                HAL_InitTick
 .text.HAL_IncTick
                0x000000000800056c       0x28 Drivers\STM32F4xx_HAL_Driver\Src\stm32f4xx_hal.o
                0x000000000800056c                HAL_IncTick
 .text.HAL_GetTick
                0x0000000008000594       0x18 Drivers\STM32F4xx_HAL_Driver\Src\stm32f4xx_hal.o
                0x0000000008000594                HAL_GetTick
 .text.HAL_ADC_Init
                0x00000000080005ac       0x86 Drivers\STM32F4xx_HAL_Driver\Src\stm32f4xx_hal_adc.o
                0x00000000080005ac                HAL_ADC_Init
 *fill*         0x0000000008000632        0x2 
 .text.HAL_ADC_Start_DMA
                0x0000000008000634      0x1e4 Drivers\STM32F4xx_HAL_Driver\Src\stm32f4xx_hal_adc.o
                0x0000000008000634                HAL_ADC_Start_DMA
 .text.HAL_ADC_ErrorCallback
                0x0000000008000818       0x14 Drivers\STM32F4xx_HAL_Driver\Src\stm32f4xx_hal_adc.o
                0x0000000008000818                HAL_ADC_ErrorCallback
 .text.HAL_ADC_ConfigChannel
                0x000000000800082c      0x244 Drivers\STM32F4xx_HAL_Driver\Src\stm32f4xx_hal_adc.o
                0x000000000800082c                HAL_ADC_ConfigChannel
 .text.ADC_Init
                0x0000000008000a70      0x1f8 Drivers\STM32F4xx_HAL_Driver\Src\stm32f4xx_hal_adc.o
 .text.ADC_DMAConvCplt
                0x0000000008000c68       0xba Drivers\STM32F4xx_HAL_Driver\Src\stm32f4xx_hal_adc.o
 .text.ADC_DMAHalfConvCplt
                0x0000000008000d22       0x1c Drivers\STM32F4xx_HAL_Driver\Src\stm32f4xx_hal_adc.o
 .text.ADC_DMAError
                0x0000000008000d3e       0x2e Drivers\STM32F4xx_HAL_Driver\Src\stm32f4xx_hal_adc.o
 .text.__NVIC_SetPriorityGrouping
                0x0000000008000d6c       0x48 Drivers\STM32F4xx_HAL_Driver\Src\stm32f4xx_hal_cortex.o
 .text.__NVIC_GetPriorityGrouping
                0x0000000008000db4       0x1c Drivers\STM32F4xx_HAL_Driver\Src\stm32f4xx_hal_cortex.o
 .text.__NVIC_EnableIRQ
                0x0000000008000dd0       0x3c Drivers\STM32F4xx_HAL_Driver\Src\stm32f4xx_hal_cortex.o
 .text.__NVIC_SetPriority
                0x0000000008000e0c       0x54 Drivers\STM32F4xx_HAL_Driver\Src\stm32f4xx_hal_cortex.o
 .text.NVIC_EncodePriority
                0x0000000008000e60       0x66 Drivers\STM32F4xx_HAL_Driver\Src\stm32f4xx_hal_cortex.o
 *fill*         0x0000000008000ec6        0x2 
 .text.SysTick_Config
                0x0000000008000ec8       0x44 Drivers\STM32F4xx_HAL_Driver\Src\stm32f4xx_hal_cortex.o
 .text.HAL_NVIC_SetPriorityGrouping
                0x0000000008000f0c       0x16 Drivers\STM32F4xx_HAL_Driver\Src\stm32f4xx_hal_cortex.o
                0x0000000008000f0c                HAL_NVIC_SetPriorityGrouping
 .text.HAL_NVIC_SetPriority
                0x0000000008000f22       0x38 Drivers\STM32F4xx_HAL_Driver\Src\stm32f4xx_hal_cortex.o
                0x0000000008000f22                HAL_NVIC_SetPriority
 .text.HAL_NVIC_EnableIRQ
                0x0000000008000f5a       0x1c Drivers\STM32F4xx_HAL_Driver\Src\stm32f4xx_hal_cortex.o
                0x0000000008000f5a                HAL_NVIC_EnableIRQ
 .text.HAL_SYSTICK_Config
                0x0000000008000f76       0x18 Drivers\STM32F4xx_HAL_Driver\Src\stm32f4xx_hal_cortex.o
                0x0000000008000f76                HAL_SYSTICK_Config
 .text.HAL_DAC_Init
                0x0000000008000f8e       0x44 Drivers\STM32F4xx_HAL_Driver\Src\stm32f4xx_hal_dac.o
                0x0000000008000f8e                HAL_DAC_Init
 *fill*         0x0000000008000fd2        0x2 
 .text.HAL_DAC_Start_DMA
                0x0000000008000fd4      0x15c Drivers\STM32F4xx_HAL_Driver\Src\stm32f4xx_hal_dac.o
                0x0000000008000fd4                HAL_DAC_Start_DMA
 .text.HAL_DAC_ConvCpltCallbackCh1
                0x0000000008001130       0x14 Drivers\STM32F4xx_HAL_Driver\Src\stm32f4xx_hal_dac.o
                0x0000000008001130                HAL_DAC_ConvCpltCallbackCh1
 .text.HAL_DAC_ConvHalfCpltCallbackCh1
                0x0000000008001144       0x14 Drivers\STM32F4xx_HAL_Driver\Src\stm32f4xx_hal_dac.o
                0x0000000008001144                HAL_DAC_ConvHalfCpltCallbackCh1
 .text.HAL_DAC_ErrorCallbackCh1
                0x0000000008001158       0x14 Drivers\STM32F4xx_HAL_Driver\Src\stm32f4xx_hal_dac.o
                0x0000000008001158                HAL_DAC_ErrorCallbackCh1
 .text.HAL_DAC_ConfigChannel
                0x000000000800116c       0x9a Drivers\STM32F4xx_HAL_Driver\Src\stm32f4xx_hal_dac.o
                0x000000000800116c                HAL_DAC_ConfigChannel
 .text.DAC_DMAConvCpltCh1
                0x0000000008001206       0x22 Drivers\STM32F4xx_HAL_Driver\Src\stm32f4xx_hal_dac.o
 .text.DAC_DMAHalfConvCpltCh1
                0x0000000008001228       0x1c Drivers\STM32F4xx_HAL_Driver\Src\stm32f4xx_hal_dac.o
 .text.DAC_DMAErrorCh1
                0x0000000008001244       0x2e Drivers\STM32F4xx_HAL_Driver\Src\stm32f4xx_hal_dac.o
 .text.HAL_DACEx_ConvCpltCallbackCh2
                0x0000000008001272       0x14 Drivers\STM32F4xx_HAL_Driver\Src\stm32f4xx_hal_dac_ex.o
                0x0000000008001272                HAL_DACEx_ConvCpltCallbackCh2
 .text.HAL_DACEx_ConvHalfCpltCallbackCh2
                0x0000000008001286       0x14 Drivers\STM32F4xx_HAL_Driver\Src\stm32f4xx_hal_dac_ex.o
                0x0000000008001286                HAL_DACEx_ConvHalfCpltCallbackCh2
 .text.HAL_DACEx_ErrorCallbackCh2
                0x000000000800129a       0x14 Drivers\STM32F4xx_HAL_Driver\Src\stm32f4xx_hal_dac_ex.o
                0x000000000800129a                HAL_DACEx_ErrorCallbackCh2
 .text.DAC_DMAConvCpltCh2
                0x00000000080012ae       0x22 Drivers\STM32F4xx_HAL_Driver\Src\stm32f4xx_hal_dac_ex.o
                0x00000000080012ae                DAC_DMAConvCpltCh2
 .text.DAC_DMAHalfConvCpltCh2
                0x00000000080012d0       0x1c Drivers\STM32F4xx_HAL_Driver\Src\stm32f4xx_hal_dac_ex.o
                0x00000000080012d0                DAC_DMAHalfConvCpltCh2
 .text.DAC_DMAErrorCh2
                0x00000000080012ec       0x2e Drivers\STM32F4xx_HAL_Driver\Src\stm32f4xx_hal_dac_ex.o
                0x00000000080012ec                DAC_DMAErrorCh2
 *fill*         0x000000000800131a        0x2 
 .text.HAL_DMA_Init
                0x000000000800131c      0x15c Drivers\STM32F4xx_HAL_Driver\Src\stm32f4xx_hal_dma.o
                0x000000000800131c                HAL_DMA_Init
 .text.HAL_DMA_Start_IT
                0x0000000008001478       0xc0 Drivers\STM32F4xx_HAL_Driver\Src\stm32f4xx_hal_dma.o
                0x0000000008001478                HAL_DMA_Start_IT
 .text.HAL_DMA_IRQHandler
                0x0000000008001538      0x314 Drivers\STM32F4xx_HAL_Driver\Src\stm32f4xx_hal_dma.o
                0x0000000008001538                HAL_DMA_IRQHandler
 .text.DMA_SetConfig
                0x000000000800184c       0x5c Drivers\STM32F4xx_HAL_Driver\Src\stm32f4xx_hal_dma.o
 .text.DMA_CalcBaseAndBitshift
                0x00000000080018a8       0x6c Drivers\STM32F4xx_HAL_Driver\Src\stm32f4xx_hal_dma.o
 .text.DMA_CheckFifoParam
                0x0000000008001914       0xf4 Drivers\STM32F4xx_HAL_Driver\Src\stm32f4xx_hal_dma.o
 .text.HAL_GPIO_Init
                0x0000000008001a08      0x334 Drivers\STM32F4xx_HAL_Driver\Src\stm32f4xx_hal_gpio.o
                0x0000000008001a08                HAL_GPIO_Init
 .text.HAL_RCC_OscConfig
                0x0000000008001d3c      0x484 Drivers\STM32F4xx_HAL_Driver\Src\stm32f4xx_hal_rcc.o
                0x0000000008001d3c                HAL_RCC_OscConfig
 .text.HAL_RCC_ClockConfig
                0x00000000080021c0      0x1c4 Drivers\STM32F4xx_HAL_Driver\Src\stm32f4xx_hal_rcc.o
                0x00000000080021c0                HAL_RCC_ClockConfig
 .text.HAL_RCC_GetSysClockFreq
                0x0000000008002384      0x1b0 Drivers\STM32F4xx_HAL_Driver\Src\stm32f4xx_hal_rcc.o
                0x0000000008002384                HAL_RCC_GetSysClockFreq
 .text.HAL_TIM_Base_Init
                0x0000000008002534       0x56 Drivers\STM32F4xx_HAL_Driver\Src\stm32f4xx_hal_tim.o
                0x0000000008002534                HAL_TIM_Base_Init
 .text.HAL_TIM_Base_Start
                0x000000000800258a       0x48 Drivers\STM32F4xx_HAL_Driver\Src\stm32f4xx_hal_tim.o
                0x000000000800258a                HAL_TIM_Base_Start
 .text.HAL_TIM_ConfigClockSource
                0x00000000080025d2      0x16e Drivers\STM32F4xx_HAL_Driver\Src\stm32f4xx_hal_tim.o
                0x00000000080025d2                HAL_TIM_ConfigClockSource
 .text.TIM_Base_SetConfig
                0x0000000008002740      0x140 Drivers\STM32F4xx_HAL_Driver\Src\stm32f4xx_hal_tim.o
                0x0000000008002740                TIM_Base_SetConfig
 .text.TIM_TI1_ConfigInputStage
                0x0000000008002880       0x5e Drivers\STM32F4xx_HAL_Driver\Src\stm32f4xx_hal_tim.o
 .text.TIM_TI2_ConfigInputStage
                0x00000000080028de       0x60 Drivers\STM32F4xx_HAL_Driver\Src\stm32f4xx_hal_tim.o
 .text.TIM_ITRx_SetConfig
                0x000000000800293e       0x36 Drivers\STM32F4xx_HAL_Driver\Src\stm32f4xx_hal_tim.o
 .text.TIM_ETR_SetConfig
                0x0000000008002974       0x40 Drivers\STM32F4xx_HAL_Driver\Src\stm32f4xx_hal_tim.o
                0x0000000008002974                TIM_ETR_SetConfig
 .text.HAL_TIMEx_MasterConfigSynchronization
                0x00000000080029b4       0x8a Drivers\STM32F4xx_HAL_Driver\Src\stm32f4xx_hal_tim_ex.o
                0x00000000080029b4                HAL_TIMEx_MasterConfigSynchronization
 *fill*         0x0000000008002a3e        0x2 
 .text.HAL_ADC_ConvHalfCpltCallback
                0x0000000008002a40       0x30 Src\main.o
                0x0000000008002a40                HAL_ADC_ConvHalfCpltCallback
 .text.HAL_ADC_ConvCpltCallback
                0x0000000008002a70       0x30 Src\main.o
                0x0000000008002a70                HAL_ADC_ConvCpltCallback
 .text.processDSP
                0x0000000008002aa0       0x44 Src\main.o
                0x0000000008002aa0                processDSP
 .text.main     0x0000000008002ae4       0x60 Src\main.o
                0x0000000008002ae4                main
 .text.SystemClock_Config
                0x0000000008002b44       0xd4 Src\main.o
                0x0000000008002b44                SystemClock_Config
 .text.MX_ADC1_Init
                0x0000000008002c18       0xa4 Src\main.o
 .text.MX_DAC_Init
                0x0000000008002cbc       0x54 Src\main.o
 .text.MX_TIM2_Init
                0x0000000008002d10       0x98 Src\main.o
 .text.MX_DMA_Init
                0x0000000008002da8       0x6c Src\main.o
 .text.MX_GPIO_Init
                0x0000000008002e14       0x34 Src\main.o
 .text.Error_Handler
                0x0000000008002e48        0xe Src\main.o
                0x0000000008002e48                Error_Handler
 *fill*         0x0000000008002e56        0x2 
 .text.HAL_MspInit
                0x0000000008002e58       0x50 Src\stm32f4xx_hal_msp.o
                0x0000000008002e58                HAL_MspInit
 .text.HAL_ADC_MspInit
                0x0000000008002ea8       0xf0 Src\stm32f4xx_hal_msp.o
                0x0000000008002ea8                HAL_ADC_MspInit
 .text.HAL_DAC_MspInit
                0x0000000008002f98       0xf4 Src\stm32f4xx_hal_msp.o
                0x0000000008002f98                HAL_DAC_MspInit
 .text.HAL_TIM_Base_MspInit
                0x000000000800308c       0x40 Src\stm32f4xx_hal_msp.o
                0x000000000800308c                HAL_TIM_Base_MspInit
 .text.NMI_Handler
                0x00000000080030cc        0xe Src\stm32f4xx_it.o
                0x00000000080030cc                NMI_Handler
 .text.HardFault_Handler
                0x00000000080030da        0x6 Src\stm32f4xx_it.o
                0x00000000080030da                HardFault_Handler
 .text.MemManage_Handler
                0x00000000080030e0        0x6 Src\stm32f4xx_it.o
                0x00000000080030e0                MemManage_Handler
 .text.BusFault_Handler
                0x00000000080030e6        0x6 Src\stm32f4xx_it.o
                0x00000000080030e6                BusFault_Handler
 .text.UsageFault_Handler
                0x00000000080030ec        0x6 Src\stm32f4xx_it.o
                0x00000000080030ec                UsageFault_Handler
 .text.SVC_Handler
                0x00000000080030f2        0xe Src\stm32f4xx_it.o
                0x00000000080030f2                SVC_Handler
 .text.DebugMon_Handler
                0x0000000008003100        0xe Src\stm32f4xx_it.o
                0x0000000008003100                DebugMon_Handler
 .text.PendSV_Handler
                0x000000000800310e        0xe Src\stm32f4xx_it.o
                0x000000000800310e                PendSV_Handler
 .text.SysTick_Handler
                0x000000000800311c        0xc Src\stm32f4xx_it.o
                0x000000000800311c                SysTick_Handler
 .text.DMA1_Stream5_IRQHandler
                0x0000000008003128       0x14 Src\stm32f4xx_it.o
                0x0000000008003128                DMA1_Stream5_IRQHandler
 .text.DMA2_Stream0_IRQHandler
                0x000000000800313c       0x14 Src\stm32f4xx_it.o
                0x000000000800313c                DMA2_Stream0_IRQHandler
 .text.SystemInit
                0x0000000008003150       0x6c Src\system_stm32f4xx.o
                0x0000000008003150                SystemInit
 .text.Reset_Handler
                0x00000000080031bc       0x50 Startup\startup_stm32f407vgtx.o
                0x00000000080031bc                Reset_Handler
 .text.Default_Handler
                0x000000000800320c        0x2 Startup\startup_stm32f407vgtx.o
                0x000000000800320c                RTC_Alarm_IRQHandler
                0x000000000800320c                HASH_RNG_IRQHandler
                0x000000000800320c                EXTI2_IRQHandler
                0x000000000800320c                TIM8_CC_IRQHandler
                0x000000000800320c                TIM1_CC_IRQHandler
                0x000000000800320c                DMA2_Stream5_IRQHandler
                0x000000000800320c                PVD_IRQHandler
                0x000000000800320c                SDIO_IRQHandler
                0x000000000800320c                TAMP_STAMP_IRQHandler
                0x000000000800320c                CAN2_RX1_IRQHandler
                0x000000000800320c                EXTI3_IRQHandler
                0x000000000800320c                TIM8_TRG_COM_TIM14_IRQHandler
                0x000000000800320c                TIM1_UP_TIM10_IRQHandler
                0x000000000800320c                TIM8_UP_TIM13_IRQHandler
                0x000000000800320c                I2C3_ER_IRQHandler
                0x000000000800320c                EXTI0_IRQHandler
                0x000000000800320c                I2C2_EV_IRQHandler
                0x000000000800320c                DMA1_Stream2_IRQHandler
                0x000000000800320c                CAN1_RX0_IRQHandler
                0x000000000800320c                FPU_IRQHandler
                0x000000000800320c                OTG_HS_WKUP_IRQHandler
                0x000000000800320c                CAN2_SCE_IRQHandler
                0x000000000800320c                DMA2_Stream2_IRQHandler
                0x000000000800320c                SPI1_IRQHandler
                0x000000000800320c                TIM6_DAC_IRQHandler
                0x000000000800320c                TIM1_BRK_TIM9_IRQHandler
                0x000000000800320c                DCMI_IRQHandler
                0x000000000800320c                CAN2_RX0_IRQHandler
                0x000000000800320c                DMA2_Stream3_IRQHandler
                0x000000000800320c                USART6_IRQHandler
                0x000000000800320c                USART3_IRQHandler
                0x000000000800320c                CAN1_RX1_IRQHandler
                0x000000000800320c                UART5_IRQHandler
                0x000000000800320c                TIM4_IRQHandler
                0x000000000800320c                I2C1_EV_IRQHandler
                0x000000000800320c                DMA1_Stream6_IRQHandler
                0x000000000800320c                DMA1_Stream1_IRQHandler
                0x000000000800320c                UART4_IRQHandler
                0x000000000800320c                TIM3_IRQHandler
                0x000000000800320c                RCC_IRQHandler
                0x000000000800320c                TIM8_BRK_TIM12_IRQHandler
                0x000000000800320c                Default_Handler
                0x000000000800320c                EXTI15_10_IRQHandler
                0x000000000800320c                ADC_IRQHandler
                0x000000000800320c                DMA1_Stream7_IRQHandler
                0x000000000800320c                TIM7_IRQHandler
                0x000000000800320c                CAN2_TX_IRQHandler
                0x000000000800320c                TIM5_IRQHandler
                0x000000000800320c                DMA2_Stream7_IRQHandler
                0x000000000800320c                I2C3_EV_IRQHandler
                0x000000000800320c                EXTI9_5_IRQHandler
                0x000000000800320c                RTC_WKUP_IRQHandler
                0x000000000800320c                ETH_WKUP_IRQHandler
                0x000000000800320c                SPI2_IRQHandler
                0x000000000800320c                OTG_HS_EP1_IN_IRQHandler
                0x000000000800320c                DMA1_Stream0_IRQHandler
                0x000000000800320c                CAN1_TX_IRQHandler
                0x000000000800320c                EXTI4_IRQHandler
                0x000000000800320c                FSMC_IRQHandler
                0x000000000800320c                ETH_IRQHandler
                0x000000000800320c                OTG_HS_EP1_OUT_IRQHandler
                0x000000000800320c                WWDG_IRQHandler
                0x000000000800320c                TIM2_IRQHandler
                0x000000000800320c                OTG_FS_WKUP_IRQHandler
                0x000000000800320c                TIM1_TRG_COM_TIM11_IRQHandler
                0x000000000800320c                OTG_HS_IRQHandler
                0x000000000800320c                EXTI1_IRQHandler
                0x000000000800320c                USART2_IRQHandler
                0x000000000800320c                I2C2_ER_IRQHandler
                0x000000000800320c                DMA2_Stream1_IRQHandler
                0x000000000800320c                CAN1_SCE_IRQHandler
                0x000000000800320c                FLASH_IRQHandler
                0x000000000800320c                DMA2_Stream4_IRQHandler
                0x000000000800320c                USART1_IRQHandler
                0x000000000800320c                OTG_FS_IRQHandler
                0x000000000800320c                SPI3_IRQHandler
                0x000000000800320c                DMA1_Stream4_IRQHandler
                0x000000000800320c                I2C1_ER_IRQHandler
                0x000000000800320c                DMA2_Stream6_IRQHandler
                0x000000000800320c                DMA1_Stream3_IRQHandler
 *fill*         0x000000000800320e        0x2 
 .text.__libc_init_array
                0x0000000008003210       0x48 c:/st/stm32cubeide_1.0.2/stm32cubeide/plugins/com.st.stm32cube.ide.mcu.externaltools.gnu-tools-for-stm32.7-2018-q2-update.win32_1.0.0.201904181610/tools/bin/../lib/gcc/arm-none-eabi/7.3.1/../../../../arm-none-eabi/lib/thumb/v7e-m/fpv4-sp/hard\libc_nano.a(lib_a-init.o)
                0x0000000008003210                __libc_init_array
 .text.memset   0x0000000008003258       0x10 c:/st/stm32cubeide_1.0.2/stm32cubeide/plugins/com.st.stm32cube.ide.mcu.externaltools.gnu-tools-for-stm32.7-2018-q2-update.win32_1.0.0.201904181610/tools/bin/../lib/gcc/arm-none-eabi/7.3.1/../../../../arm-none-eabi/lib/thumb/v7e-m/fpv4-sp/hard\libc_nano.a(lib_a-memset.o)
                0x0000000008003258                memset
 *(.glue_7)
 .glue_7        0x0000000008003268        0x0 linker stubs
 *(.glue_7t)
 .glue_7t       0x0000000008003268        0x0 linker stubs
 *(.eh_frame)
 .eh_frame      0x0000000008003268        0x0 c:/st/stm32cubeide_1.0.2/stm32cubeide/plugins/com.st.stm32cube.ide.mcu.externaltools.gnu-tools-for-stm32.7-2018-q2-update.win32_1.0.0.201904181610/tools/bin/../lib/gcc/arm-none-eabi/7.3.1/thumb/v7e-m/fpv4-sp/hard/crtbegin.o
 *(.init)
 .init          0x0000000008003268        0x4 c:/st/stm32cubeide_1.0.2/stm32cubeide/plugins/com.st.stm32cube.ide.mcu.externaltools.gnu-tools-for-stm32.7-2018-q2-update.win32_1.0.0.201904181610/tools/bin/../lib/gcc/arm-none-eabi/7.3.1/thumb/v7e-m/fpv4-sp/hard/crti.o
                0x0000000008003268                _init
 .init          0x000000000800326c        0x8 c:/st/stm32cubeide_1.0.2/stm32cubeide/plugins/com.st.stm32cube.ide.mcu.externaltools.gnu-tools-for-stm32.7-2018-q2-update.win32_1.0.0.201904181610/tools/bin/../lib/gcc/arm-none-eabi/7.3.1/thumb/v7e-m/fpv4-sp/hard/crtn.o
 *(.fini)
 .fini          0x0000000008003274        0x4 c:/st/stm32cubeide_1.0.2/stm32cubeide/plugins/com.st.stm32cube.ide.mcu.externaltools.gnu-tools-for-stm32.7-2018-q2-update.win32_1.0.0.201904181610/tools/bin/../lib/gcc/arm-none-eabi/7.3.1/thumb/v7e-m/fpv4-sp/hard/crti.o
                0x0000000008003274                _fini
 .fini          0x0000000008003278        0x8 c:/st/stm32cubeide_1.0.2/stm32cubeide/plugins/com.st.stm32cube.ide.mcu.externaltools.gnu-tools-for-stm32.7-2018-q2-update.win32_1.0.0.201904181610/tools/bin/../lib/gcc/arm-none-eabi/7.3.1/thumb/v7e-m/fpv4-sp/hard/crtn.o
                0x0000000008003280                . = ALIGN (0x4)
                0x0000000008003280                _etext = .

.vfp11_veneer   0x0000000008003280        0x0
 .vfp11_veneer  0x0000000008003280        0x0 linker stubs

.v4_bx          0x0000000008003280        0x0
 .v4_bx         0x0000000008003280        0x0 linker stubs

.iplt           0x0000000008003280        0x0
 .iplt          0x0000000008003280        0x0 c:/st/stm32cubeide_1.0.2/stm32cubeide/plugins/com.st.stm32cube.ide.mcu.externaltools.gnu-tools-for-stm32.7-2018-q2-update.win32_1.0.0.201904181610/tools/bin/../lib/gcc/arm-none-eabi/7.3.1/thumb/v7e-m/fpv4-sp/hard/crtbegin.o

.rodata         0x0000000008003280       0x18
                0x0000000008003280                . = ALIGN (0x4)
 *(.rodata)
 *(.rodata*)
 .rodata.flagBitshiftOffset.8222
                0x0000000008003280        0x8 Drivers\STM32F4xx_HAL_Driver\Src\stm32f4xx_hal_dma.o
 .rodata.AHBPrescTable
                0x0000000008003288       0x10 Src\system_stm32f4xx.o
                0x0000000008003288                AHBPrescTable
                0x0000000008003298                . = ALIGN (0x4)

.ARM.extab      0x0000000008003298        0x0
                0x0000000008003298                . = ALIGN (0x4)
 *(.ARM.extab* .gnu.linkonce.armextab.*)
                0x0000000008003298                . = ALIGN (0x4)

.ARM            0x0000000008003298        0x8
                0x0000000008003298                . = ALIGN (0x4)
                0x0000000008003298                __exidx_start = .
 *(.ARM.exidx*)
 .ARM.exidx     0x0000000008003298        0x8 c:/st/stm32cubeide_1.0.2/stm32cubeide/plugins/com.st.stm32cube.ide.mcu.externaltools.gnu-tools-for-stm32.7-2018-q2-update.win32_1.0.0.201904181610/tools/bin/../lib/gcc/arm-none-eabi/7.3.1/thumb/v7e-m/fpv4-sp/hard\libgcc.a(_udivmoddi4.o)
                0x00000000080032a0                __exidx_end = .
                0x00000000080032a0                . = ALIGN (0x4)

.rel.dyn        0x00000000080032a0        0x0
 .rel.iplt      0x00000000080032a0        0x0 c:/st/stm32cubeide_1.0.2/stm32cubeide/plugins/com.st.stm32cube.ide.mcu.externaltools.gnu-tools-for-stm32.7-2018-q2-update.win32_1.0.0.201904181610/tools/bin/../lib/gcc/arm-none-eabi/7.3.1/thumb/v7e-m/fpv4-sp/hard/crtbegin.o

.preinit_array  0x00000000080032a0        0x0
                0x00000000080032a0                . = ALIGN (0x4)
                0x00000000080032a0                PROVIDE (__preinit_array_start = .)
 *(.preinit_array*)
                0x00000000080032a0                PROVIDE (__preinit_array_end = .)
                0x00000000080032a0                . = ALIGN (0x4)

.init_array     0x00000000080032a0        0x4
                0x00000000080032a0                . = ALIGN (0x4)
                0x00000000080032a0                PROVIDE (__init_array_start = .)
 *(SORT_BY_NAME(.init_array.*))
 *(.init_array*)
 .init_array    0x00000000080032a0        0x4 c:/st/stm32cubeide_1.0.2/stm32cubeide/plugins/com.st.stm32cube.ide.mcu.externaltools.gnu-tools-for-stm32.7-2018-q2-update.win32_1.0.0.201904181610/tools/bin/../lib/gcc/arm-none-eabi/7.3.1/thumb/v7e-m/fpv4-sp/hard/crtbegin.o
                0x00000000080032a4                PROVIDE (__init_array_end = .)
                0x00000000080032a4                . = ALIGN (0x4)

.fini_array     0x00000000080032a4        0x4
                0x00000000080032a4                . = ALIGN (0x4)
                [!provide]                        PROVIDE (__fini_array_start = .)
 *(SORT_BY_NAME(.fini_array.*))
 *(.fini_array*)
 .fini_array    0x00000000080032a4        0x4 c:/st/stm32cubeide_1.0.2/stm32cubeide/plugins/com.st.stm32cube.ide.mcu.externaltools.gnu-tools-for-stm32.7-2018-q2-update.win32_1.0.0.201904181610/tools/bin/../lib/gcc/arm-none-eabi/7.3.1/thumb/v7e-m/fpv4-sp/hard/crtbegin.o
                [!provide]                        PROVIDE (__fini_array_end = .)
                0x00000000080032a8                . = ALIGN (0x4)
                0x00000000080032a8                _sidata = LOADADDR (.data)

.data           0x0000000020000000        0xc load address 0x00000000080032a8
                0x0000000020000000                . = ALIGN (0x4)
                0x0000000020000000                _sdata = .
 *(.data)
 *(.data*)
 .data.uwTickPrio
                0x0000000020000000        0x4 Drivers\STM32F4xx_HAL_Driver\Src\stm32f4xx_hal.o
                0x0000000020000000                uwTickPrio
 .data.uwTickFreq
                0x0000000020000004        0x1 Drivers\STM32F4xx_HAL_Driver\Src\stm32f4xx_hal.o
                0x0000000020000004                uwTickFreq
 *fill*         0x0000000020000005        0x3 
 .data.SystemCoreClock
                0x0000000020000008        0x4 Src\system_stm32f4xx.o
                0x0000000020000008                SystemCoreClock
                0x000000002000000c                . = ALIGN (0x4)
                0x000000002000000c                _edata = .

.igot.plt       0x000000002000000c        0x0 load address 0x00000000080032b4
 .igot.plt      0x000000002000000c        0x0 c:/st/stm32cubeide_1.0.2/stm32cubeide/plugins/com.st.stm32cube.ide.mcu.externaltools.gnu-tools-for-stm32.7-2018-q2-update.win32_1.0.0.201904181610/tools/bin/../lib/gcc/arm-none-eabi/7.3.1/thumb/v7e-m/fpv4-sp/hard/crtbegin.o
                0x000000002000000c                . = ALIGN (0x4)

.bss            0x000000002000000c      0x984 load address 0x00000000080032b4
                0x000000002000000c                _sbss = .
                0x000000002000000c                __bss_start__ = _sbss
 *(.bss)
 .bss           0x000000002000000c       0x1c c:/st/stm32cubeide_1.0.2/stm32cubeide/plugins/com.st.stm32cube.ide.mcu.externaltools.gnu-tools-for-stm32.7-2018-q2-update.win32_1.0.0.201904181610/tools/bin/../lib/gcc/arm-none-eabi/7.3.1/thumb/v7e-m/fpv4-sp/hard/crtbegin.o
 *(.bss*)
 .bss.inbuffptr
                0x0000000020000028        0x4 Src\main.o
 .bss.outbuffptr
                0x000000002000002c        0x4 Src\main.o
 *(COMMON)
 COMMON         0x0000000020000030        0x4 Drivers\STM32F4xx_HAL_Driver\Src\stm32f4xx_hal.o
                0x0000000020000030                uwTick
 COMMON         0x0000000020000034      0x95c Src\main.o
                0x0000000020000034                adc_val
                0x0000000020000434                hdma_dac1
                0x0000000020000494                hadc1
                0x00000000200004dc                hdac
                0x00000000200004f0                hdma_adc1
                0x0000000020000550                dac_val
                0x0000000020000950                htim2
                0x0000000020000990                . = ALIGN (0x4)
                0x0000000020000990                _ebss = .
                0x0000000020000990                __bss_end__ = _ebss

._user_heap_stack
                0x0000000020000990      0x600 load address 0x00000000080032b4
                0x0000000020000990                . = ALIGN (0x8)
                0x0000000020000990                PROVIDE (end = .)
                [!provide]                        PROVIDE (_end = .)
                0x0000000020000b90                . = (. + _Min_Heap_Size)
 *fill*         0x0000000020000990      0x200 
                0x0000000020000f90                . = (. + _Min_Stack_Size)
 *fill*         0x0000000020000b90      0x400 
                0x0000000020000f90                . = ALIGN (0x8)

/DISCARD/
 libc.a(*)
 libm.a(*)
 libgcc.a(*)

.ARM.attributes
                0x0000000000000000       0x30
 *(.ARM.attributes)
 .ARM.attributes
                0x0000000000000000       0x22 c:/st/stm32cubeide_1.0.2/stm32cubeide/plugins/com.st.stm32cube.ide.mcu.externaltools.gnu-tools-for-stm32.7-2018-q2-update.win32_1.0.0.201904181610/tools/bin/../lib/gcc/arm-none-eabi/7.3.1/thumb/v7e-m/fpv4-sp/hard/crti.o
 .ARM.attributes
                0x0000000000000022       0x34 c:/st/stm32cubeide_1.0.2/stm32cubeide/plugins/com.st.stm32cube.ide.mcu.externaltools.gnu-tools-for-stm32.7-2018-q2-update.win32_1.0.0.201904181610/tools/bin/../lib/gcc/arm-none-eabi/7.3.1/thumb/v7e-m/fpv4-sp/hard/crtbegin.o
 .ARM.attributes
                0x0000000000000056       0x39 Drivers\STM32F4xx_HAL_Driver\Src\stm32f4xx_hal.o
 .ARM.attributes
                0x000000000000008f       0x39 Drivers\STM32F4xx_HAL_Driver\Src\stm32f4xx_hal_adc.o
 .ARM.attributes
                0x00000000000000c8       0x39 Drivers\STM32F4xx_HAL_Driver\Src\stm32f4xx_hal_cortex.o
 .ARM.attributes
                0x0000000000000101       0x39 Drivers\STM32F4xx_HAL_Driver\Src\stm32f4xx_hal_dac.o
 .ARM.attributes
                0x000000000000013a       0x39 Drivers\STM32F4xx_HAL_Driver\Src\stm32f4xx_hal_dac_ex.o
 .ARM.attributes
                0x0000000000000173       0x39 Drivers\STM32F4xx_HAL_Driver\Src\stm32f4xx_hal_dma.o
 .ARM.attributes
                0x00000000000001ac       0x39 Drivers\STM32F4xx_HAL_Driver\Src\stm32f4xx_hal_gpio.o
 .ARM.attributes
                0x00000000000001e5       0x39 Drivers\STM32F4xx_HAL_Driver\Src\stm32f4xx_hal_rcc.o
 .ARM.attributes
                0x000000000000021e       0x39 Drivers\STM32F4xx_HAL_Driver\Src\stm32f4xx_hal_tim.o
 .ARM.attributes
                0x0000000000000257       0x39 Drivers\STM32F4xx_HAL_Driver\Src\stm32f4xx_hal_tim_ex.o
 .ARM.attributes
                0x0000000000000290       0x39 Src\main.o
 .ARM.attributes
                0x00000000000002c9       0x39 Src\stm32f4xx_hal_msp.o
 .ARM.attributes
                0x0000000000000302       0x39 Src\stm32f4xx_it.o
 .ARM.attributes
                0x000000000000033b       0x39 Src\system_stm32f4xx.o
 .ARM.attributes
                0x0000000000000374       0x21 Startup\startup_stm32f407vgtx.o
 .ARM.attributes
                0x0000000000000395       0x34 c:/st/stm32cubeide_1.0.2/stm32cubeide/plugins/com.st.stm32cube.ide.mcu.externaltools.gnu-tools-for-stm32.7-2018-q2-update.win32_1.0.0.201904181610/tools/bin/../lib/gcc/arm-none-eabi/7.3.1/../../../../arm-none-eabi/lib/thumb/v7e-m/fpv4-sp/hard\libc_nano.a(lib_a-init.o)
 .ARM.attributes
                0x00000000000003c9       0x34 c:/st/stm32cubeide_1.0.2/stm32cubeide/plugins/com.st.stm32cube.ide.mcu.externaltools.gnu-tools-for-stm32.7-2018-q2-update.win32_1.0.0.201904181610/tools/bin/../lib/gcc/arm-none-eabi/7.3.1/../../../../arm-none-eabi/lib/thumb/v7e-m/fpv4-sp/hard\libc_nano.a(lib_a-memset.o)
 .ARM.attributes
                0x00000000000003fd       0x22 c:/st/stm32cubeide_1.0.2/stm32cubeide/plugins/com.st.stm32cube.ide.mcu.externaltools.gnu-tools-for-stm32.7-2018-q2-update.win32_1.0.0.201904181610/tools/bin/../lib/gcc/arm-none-eabi/7.3.1/thumb/v7e-m/fpv4-sp/hard\libgcc.a(_aeabi_uldivmod.o)
 .ARM.attributes
                0x000000000000041f       0x34 c:/st/stm32cubeide_1.0.2/stm32cubeide/plugins/com.st.stm32cube.ide.mcu.externaltools.gnu-tools-for-stm32.7-2018-q2-update.win32_1.0.0.201904181610/tools/bin/../lib/gcc/arm-none-eabi/7.3.1/thumb/v7e-m/fpv4-sp/hard\libgcc.a(_udivmoddi4.o)
 .ARM.attributes
                0x0000000000000453       0x22 c:/st/stm32cubeide_1.0.2/stm32cubeide/plugins/com.st.stm32cube.ide.mcu.externaltools.gnu-tools-for-stm32.7-2018-q2-update.win32_1.0.0.201904181610/tools/bin/../lib/gcc/arm-none-eabi/7.3.1/thumb/v7e-m/fpv4-sp/hard\libgcc.a(_dvmd_tls.o)
 .ARM.attributes
                0x0000000000000475       0x22 c:/st/stm32cubeide_1.0.2/stm32cubeide/plugins/com.st.stm32cube.ide.mcu.externaltools.gnu-tools-for-stm32.7-2018-q2-update.win32_1.0.0.201904181610/tools/bin/../lib/gcc/arm-none-eabi/7.3.1/thumb/v7e-m/fpv4-sp/hard/crtn.o
OUTPUT(messingWithADC.elf elf32-littlearm)

.debug_info     0x0000000000000000     0xad51
 .debug_info    0x0000000000000000      0x921 Drivers\STM32F4xx_HAL_Driver\Src\stm32f4xx_hal.o
 .debug_info    0x0000000000000921      0xc9c Drivers\STM32F4xx_HAL_Driver\Src\stm32f4xx_hal_adc.o
 .debug_info    0x00000000000015bd      0xdd6 Drivers\STM32F4xx_HAL_Driver\Src\stm32f4xx_hal_cortex.o
 .debug_info    0x0000000000002393      0x9e8 Drivers\STM32F4xx_HAL_Driver\Src\stm32f4xx_hal_dac.o
 .debug_info    0x0000000000002d7b      0x76e Drivers\STM32F4xx_HAL_Driver\Src\stm32f4xx_hal_dac_ex.o
 .debug_info    0x00000000000034e9      0x916 Drivers\STM32F4xx_HAL_Driver\Src\stm32f4xx_hal_dma.o
 .debug_info    0x0000000000003dff      0x763 Drivers\STM32F4xx_HAL_Driver\Src\stm32f4xx_hal_gpio.o
 .debug_info    0x0000000000004562      0x8a4 Drivers\STM32F4xx_HAL_Driver\Src\stm32f4xx_hal_rcc.o
 .debug_info    0x0000000000004e06     0x2456 Drivers\STM32F4xx_HAL_Driver\Src\stm32f4xx_hal_tim.o
 .debug_info    0x000000000000725c     0x1105 Drivers\STM32F4xx_HAL_Driver\Src\stm32f4xx_hal_tim_ex.o
 .debug_info    0x0000000000008361     0x124e Src\main.o
 .debug_info    0x00000000000095af      0xe41 Src\stm32f4xx_hal_msp.o
 .debug_info    0x000000000000a3f0      0x43d Src\stm32f4xx_it.o
 .debug_info    0x000000000000a82d      0x502 Src\system_stm32f4xx.o
 .debug_info    0x000000000000ad2f       0x22 Startup\startup_stm32f407vgtx.o

.debug_abbrev   0x0000000000000000     0x1bf7
 .debug_abbrev  0x0000000000000000      0x1cb Drivers\STM32F4xx_HAL_Driver\Src\stm32f4xx_hal.o
 .debug_abbrev  0x00000000000001cb      0x205 Drivers\STM32F4xx_HAL_Driver\Src\stm32f4xx_hal_adc.o
 .debug_abbrev  0x00000000000003d0      0x2fa Drivers\STM32F4xx_HAL_Driver\Src\stm32f4xx_hal_cortex.o
 .debug_abbrev  0x00000000000006ca      0x1e4 Drivers\STM32F4xx_HAL_Driver\Src\stm32f4xx_hal_dac.o
 .debug_abbrev  0x00000000000008ae      0x1e8 Drivers\STM32F4xx_HAL_Driver\Src\stm32f4xx_hal_dac_ex.o
 .debug_abbrev  0x0000000000000a96      0x229 Drivers\STM32F4xx_HAL_Driver\Src\stm32f4xx_hal_dma.o
 .debug_abbrev  0x0000000000000cbf      0x1c9 Drivers\STM32F4xx_HAL_Driver\Src\stm32f4xx_hal_gpio.o
 .debug_abbrev  0x0000000000000e88      0x245 Drivers\STM32F4xx_HAL_Driver\Src\stm32f4xx_hal_rcc.o
 .debug_abbrev  0x00000000000010cd      0x230 Drivers\STM32F4xx_HAL_Driver\Src\stm32f4xx_hal_tim.o
 .debug_abbrev  0x00000000000012fd      0x21e Drivers\STM32F4xx_HAL_Driver\Src\stm32f4xx_hal_tim_ex.o
 .debug_abbrev  0x000000000000151b      0x281 Src\main.o
 .debug_abbrev  0x000000000000179c      0x1ef Src\stm32f4xx_hal_msp.o
 .debug_abbrev  0x000000000000198b      0x149 Src\stm32f4xx_it.o
 .debug_abbrev  0x0000000000001ad4      0x111 Src\system_stm32f4xx.o
 .debug_abbrev  0x0000000000001be5       0x12 Startup\startup_stm32f407vgtx.o

.debug_aranges  0x0000000000000000      0xc08
 .debug_aranges
                0x0000000000000000       0xf0 Drivers\STM32F4xx_HAL_Driver\Src\stm32f4xx_hal.o
 .debug_aranges
                0x00000000000000f0       0xe8 Drivers\STM32F4xx_HAL_Driver\Src\stm32f4xx_hal_adc.o
 .debug_aranges
                0x00000000000001d8      0x118 Drivers\STM32F4xx_HAL_Driver\Src\stm32f4xx_hal_cortex.o
 .debug_aranges
                0x00000000000002f0       0xc0 Drivers\STM32F4xx_HAL_Driver\Src\stm32f4xx_hal_dac.o
 .debug_aranges
                0x00000000000003b0       0x70 Drivers\STM32F4xx_HAL_Driver\Src\stm32f4xx_hal_dac_ex.o
 .debug_aranges
                0x0000000000000420       0x90 Drivers\STM32F4xx_HAL_Driver\Src\stm32f4xx_hal_dma.o
 .debug_aranges
                0x00000000000004b0       0x58 Drivers\STM32F4xx_HAL_Driver\Src\stm32f4xx_hal_gpio.o
 .debug_aranges
                0x0000000000000508       0x88 Drivers\STM32F4xx_HAL_Driver\Src\stm32f4xx_hal_rcc.o
 .debug_aranges
                0x0000000000000590      0x3a8 Drivers\STM32F4xx_HAL_Driver\Src\stm32f4xx_hal_tim.o
 .debug_aranges
                0x0000000000000938      0x150 Drivers\STM32F4xx_HAL_Driver\Src\stm32f4xx_hal_tim_ex.o
 .debug_aranges
                0x0000000000000a88       0x70 Src\main.o
 .debug_aranges
                0x0000000000000af8       0x50 Src\stm32f4xx_hal_msp.o
 .debug_aranges
                0x0000000000000b48       0x70 Src\stm32f4xx_it.o
 .debug_aranges
                0x0000000000000bb8       0x28 Src\system_stm32f4xx.o
 .debug_aranges
                0x0000000000000be0       0x28 Startup\startup_stm32f407vgtx.o

.debug_ranges   0x0000000000000000      0xb20
 .debug_ranges  0x0000000000000000       0xe0 Drivers\STM32F4xx_HAL_Driver\Src\stm32f4xx_hal.o
 .debug_ranges  0x00000000000000e0       0xd8 Drivers\STM32F4xx_HAL_Driver\Src\stm32f4xx_hal_adc.o
 .debug_ranges  0x00000000000001b8      0x108 Drivers\STM32F4xx_HAL_Driver\Src\stm32f4xx_hal_cortex.o
 .debug_ranges  0x00000000000002c0       0xb0 Drivers\STM32F4xx_HAL_Driver\Src\stm32f4xx_hal_dac.o
 .debug_ranges  0x0000000000000370       0x60 Drivers\STM32F4xx_HAL_Driver\Src\stm32f4xx_hal_dac_ex.o
 .debug_ranges  0x00000000000003d0       0x80 Drivers\STM32F4xx_HAL_Driver\Src\stm32f4xx_hal_dma.o
 .debug_ranges  0x0000000000000450       0x48 Drivers\STM32F4xx_HAL_Driver\Src\stm32f4xx_hal_gpio.o
 .debug_ranges  0x0000000000000498       0x78 Drivers\STM32F4xx_HAL_Driver\Src\stm32f4xx_hal_rcc.o
 .debug_ranges  0x0000000000000510      0x398 Drivers\STM32F4xx_HAL_Driver\Src\stm32f4xx_hal_tim.o
 .debug_ranges  0x00000000000008a8      0x140 Drivers\STM32F4xx_HAL_Driver\Src\stm32f4xx_hal_tim_ex.o
 .debug_ranges  0x00000000000009e8       0x60 Src\main.o
 .debug_ranges  0x0000000000000a48       0x40 Src\stm32f4xx_hal_msp.o
 .debug_ranges  0x0000000000000a88       0x60 Src\stm32f4xx_it.o
 .debug_ranges  0x0000000000000ae8       0x18 Src\system_stm32f4xx.o
 .debug_ranges  0x0000000000000b00       0x20 Startup\startup_stm32f407vgtx.o

.debug_macro    0x0000000000000000    0x208c4
 .debug_macro   0x0000000000000000      0x256 Drivers\STM32F4xx_HAL_Driver\Src\stm32f4xx_hal.o
 .debug_macro   0x0000000000000256      0xa5a Drivers\STM32F4xx_HAL_Driver\Src\stm32f4xx_hal.o
 .debug_macro   0x0000000000000cb0      0x190 Drivers\STM32F4xx_HAL_Driver\Src\stm32f4xx_hal.o
 .debug_macro   0x0000000000000e40       0x32 Drivers\STM32F4xx_HAL_Driver\Src\stm32f4xx_hal.o
 .debug_macro   0x0000000000000e72       0x2f Drivers\STM32F4xx_HAL_Driver\Src\stm32f4xx_hal.o
 .debug_macro   0x0000000000000ea1       0x22 Drivers\STM32F4xx_HAL_Driver\Src\stm32f4xx_hal.o
 .debug_macro   0x0000000000000ec3       0x8e Drivers\STM32F4xx_HAL_Driver\Src\stm32f4xx_hal.o
 .debug_macro   0x0000000000000f51       0x51 Drivers\STM32F4xx_HAL_Driver\Src\stm32f4xx_hal.o
 .debug_macro   0x0000000000000fa2       0xef Drivers\STM32F4xx_HAL_Driver\Src\stm32f4xx_hal.o
 .debug_macro   0x0000000000001091       0x6a Drivers\STM32F4xx_HAL_Driver\Src\stm32f4xx_hal.o
 .debug_macro   0x00000000000010fb      0x1df Drivers\STM32F4xx_HAL_Driver\Src\stm32f4xx_hal.o
 .debug_macro   0x00000000000012da       0x1c Drivers\STM32F4xx_HAL_Driver\Src\stm32f4xx_hal.o
 .debug_macro   0x00000000000012f6       0x22 Drivers\STM32F4xx_HAL_Driver\Src\stm32f4xx_hal.o
 .debug_macro   0x0000000000001318       0xdf Drivers\STM32F4xx_HAL_Driver\Src\stm32f4xx_hal.o
 .debug_macro   0x00000000000013f7     0x102d Drivers\STM32F4xx_HAL_Driver\Src\stm32f4xx_hal.o
 .debug_macro   0x0000000000002424      0x11f Drivers\STM32F4xx_HAL_Driver\Src\stm32f4xx_hal.o
 .debug_macro   0x0000000000002543    0x15e43 Drivers\STM32F4xx_HAL_Driver\Src\stm32f4xx_hal.o
 .debug_macro   0x0000000000018386       0x43 Drivers\STM32F4xx_HAL_Driver\Src\stm32f4xx_hal.o
 .debug_macro   0x00000000000183c9     0x35d4 Drivers\STM32F4xx_HAL_Driver\Src\stm32f4xx_hal.o
 .debug_macro   0x000000000001b99d      0x174 Drivers\STM32F4xx_HAL_Driver\Src\stm32f4xx_hal.o
 .debug_macro   0x000000000001bb11       0x5a Drivers\STM32F4xx_HAL_Driver\Src\stm32f4xx_hal.o
 .debug_macro   0x000000000001bb6b      0x96b Drivers\STM32F4xx_HAL_Driver\Src\stm32f4xx_hal.o
 .debug_macro   0x000000000001c4d6      0x9fe Drivers\STM32F4xx_HAL_Driver\Src\stm32f4xx_hal.o
 .debug_macro   0x000000000001ced4       0xed Drivers\STM32F4xx_HAL_Driver\Src\stm32f4xx_hal.o
 .debug_macro   0x000000000001cfc1      0x117 Drivers\STM32F4xx_HAL_Driver\Src\stm32f4xx_hal.o
 .debug_macro   0x000000000001d0d8      0x13e Drivers\STM32F4xx_HAL_Driver\Src\stm32f4xx_hal.o
 .debug_macro   0x000000000001d216       0x27 Drivers\STM32F4xx_HAL_Driver\Src\stm32f4xx_hal.o
 .debug_macro   0x000000000001d23d      0x287 Drivers\STM32F4xx_HAL_Driver\Src\stm32f4xx_hal.o
 .debug_macro   0x000000000001d4c4       0x5f Drivers\STM32F4xx_HAL_Driver\Src\stm32f4xx_hal.o
 .debug_macro   0x000000000001d523      0x236 Drivers\STM32F4xx_HAL_Driver\Src\stm32f4xx_hal.o
 .debug_macro   0x000000000001d759      0x391 Drivers\STM32F4xx_HAL_Driver\Src\stm32f4xx_hal.o
 .debug_macro   0x000000000001daea      0x176 Drivers\STM32F4xx_HAL_Driver\Src\stm32f4xx_hal.o
 .debug_macro   0x000000000001dc60       0xf9 Drivers\STM32F4xx_HAL_Driver\Src\stm32f4xx_hal.o
 .debug_macro   0x000000000001dd59       0xea Drivers\STM32F4xx_HAL_Driver\Src\stm32f4xx_hal.o
 .debug_macro   0x000000000001de43       0xa0 Drivers\STM32F4xx_HAL_Driver\Src\stm32f4xx_hal.o
 .debug_macro   0x000000000001dee3       0x3c Drivers\STM32F4xx_HAL_Driver\Src\stm32f4xx_hal.o
 .debug_macro   0x000000000001df1f      0x12c Drivers\STM32F4xx_HAL_Driver\Src\stm32f4xx_hal.o
 .debug_macro   0x000000000001e04b      0x21e Drivers\STM32F4xx_HAL_Driver\Src\stm32f4xx_hal.o
 .debug_macro   0x000000000001e269       0x2e Drivers\STM32F4xx_HAL_Driver\Src\stm32f4xx_hal.o
 .debug_macro   0x000000000001e297      0x11a Drivers\STM32F4xx_HAL_Driver\Src\stm32f4xx_hal.o
 .debug_macro   0x000000000001e3b1       0x7e Drivers\STM32F4xx_HAL_Driver\Src\stm32f4xx_hal.o
 .debug_macro   0x000000000001e42f       0x89 Drivers\STM32F4xx_HAL_Driver\Src\stm32f4xx_hal.o
 .debug_macro   0x000000000001e4b8      0x87d Drivers\STM32F4xx_HAL_Driver\Src\stm32f4xx_hal.o
 .debug_macro   0x000000000001ed35       0x47 Drivers\STM32F4xx_HAL_Driver\Src\stm32f4xx_hal.o
 .debug_macro   0x000000000001ed7c      0x12d Drivers\STM32F4xx_HAL_Driver\Src\stm32f4xx_hal.o
 .debug_macro   0x000000000001eea9      0x1f7 Drivers\STM32F4xx_HAL_Driver\Src\stm32f4xx_hal_adc.o
 .debug_macro   0x000000000001f0a0      0x1f6 Drivers\STM32F4xx_HAL_Driver\Src\stm32f4xx_hal_cortex.o
 .debug_macro   0x000000000001f296      0x1f7 Drivers\STM32F4xx_HAL_Driver\Src\stm32f4xx_hal_dac.o
 .debug_macro   0x000000000001f48d      0x1f6 Drivers\STM32F4xx_HAL_Driver\Src\stm32f4xx_hal_dac_ex.o
 .debug_macro   0x000000000001f683      0x1fc Drivers\STM32F4xx_HAL_Driver\Src\stm32f4xx_hal_dma.o
 .debug_macro   0x000000000001f87f      0x22c Drivers\STM32F4xx_HAL_Driver\Src\stm32f4xx_hal_gpio.o
 .debug_macro   0x000000000001faab      0x21a Drivers\STM32F4xx_HAL_Driver\Src\stm32f4xx_hal_rcc.o
 .debug_macro   0x000000000001fcc5      0x1f7 Drivers\STM32F4xx_HAL_Driver\Src\stm32f4xx_hal_tim.o
 .debug_macro   0x000000000001febc      0x1f6 Drivers\STM32F4xx_HAL_Driver\Src\stm32f4xx_hal_tim_ex.o
 .debug_macro   0x00000000000200b2      0x20c Src\main.o
 .debug_macro   0x00000000000202be      0x200 Src\stm32f4xx_hal_msp.o
 .debug_macro   0x00000000000204be      0x20a Src\stm32f4xx_it.o
 .debug_macro   0x00000000000206c8      0x1fc Src\system_stm32f4xx.o

.debug_line     0x0000000000000000     0x91cc
 .debug_line    0x0000000000000000      0x908 Drivers\STM32F4xx_HAL_Driver\Src\stm32f4xx_hal.o
 .debug_line    0x0000000000000908      0xb70 Drivers\STM32F4xx_HAL_Driver\Src\stm32f4xx_hal_adc.o
 .debug_line    0x0000000000001478      0xa2f Drivers\STM32F4xx_HAL_Driver\Src\stm32f4xx_hal_cortex.o
 .debug_line    0x0000000000001ea7      0x95f Drivers\STM32F4xx_HAL_Driver\Src\stm32f4xx_hal_dac.o
 .debug_line    0x0000000000002806      0x822 Drivers\STM32F4xx_HAL_Driver\Src\stm32f4xx_hal_dac_ex.o
 .debug_line    0x0000000000003028      0x9da Drivers\STM32F4xx_HAL_Driver\Src\stm32f4xx_hal_dma.o
 .debug_line    0x0000000000003a02      0x8ea Drivers\STM32F4xx_HAL_Driver\Src\stm32f4xx_hal_gpio.o
 .debug_line    0x00000000000042ec      0x94f Drivers\STM32F4xx_HAL_Driver\Src\stm32f4xx_hal_rcc.o
 .debug_line    0x0000000000004c3b     0x196c Drivers\STM32F4xx_HAL_Driver\Src\stm32f4xx_hal_tim.o
 .debug_line    0x00000000000065a7      0xd0f Drivers\STM32F4xx_HAL_Driver\Src\stm32f4xx_hal_tim_ex.o
 .debug_line    0x00000000000072b6      0x80c Src\main.o
 .debug_line    0x0000000000007ac2      0x79e Src\stm32f4xx_hal_msp.o
 .debug_line    0x0000000000008260      0x7c9 Src\stm32f4xx_it.o
 .debug_line    0x0000000000008a29      0x722 Src\system_stm32f4xx.o
 .debug_line    0x000000000000914b       0x81 Startup\startup_stm32f407vgtx.o

.debug_str      0x0000000000000000    0xc8a1a
 .debug_str     0x0000000000000000    0xc5b98 Drivers\STM32F4xx_HAL_Driver\Src\stm32f4xx_hal.o
                                      0xc5f0e (size before relaxing)
 .debug_str     0x00000000000c5b98      0x670 Drivers\STM32F4xx_HAL_Driver\Src\stm32f4xx_hal_adc.o
                                      0xc5964 (size before relaxing)
 .debug_str     0x00000000000c6208      0x3eb Drivers\STM32F4xx_HAL_Driver\Src\stm32f4xx_hal_cortex.o
                                      0xc5c89 (size before relaxing)
 .debug_str     0x00000000000c65f3      0x326 Drivers\STM32F4xx_HAL_Driver\Src\stm32f4xx_hal_dac.o
                                      0xc57f1 (size before relaxing)
 .debug_str     0x00000000000c6919      0x169 Drivers\STM32F4xx_HAL_Driver\Src\stm32f4xx_hal_dac_ex.o
                                      0xc5721 (size before relaxing)
 .debug_str     0x00000000000c6a82      0x323 Drivers\STM32F4xx_HAL_Driver\Src\stm32f4xx_hal_dma.o
                                      0xc57e2 (size before relaxing)
 .debug_str     0x00000000000c6da5      0x280 Drivers\STM32F4xx_HAL_Driver\Src\stm32f4xx_hal_gpio.o
                                      0xc560c (size before relaxing)
 .debug_str     0x00000000000c7025      0x384 Drivers\STM32F4xx_HAL_Driver\Src\stm32f4xx_hal_rcc.o
                                      0xc57af (size before relaxing)
 .debug_str     0x00000000000c73a9      0xf00 Drivers\STM32F4xx_HAL_Driver\Src\stm32f4xx_hal_tim.o
                                      0xc64d9 (size before relaxing)
 .debug_str     0x00000000000c82a9      0x4ec Drivers\STM32F4xx_HAL_Driver\Src\stm32f4xx_hal_tim_ex.o
                                      0xc5cd9 (size before relaxing)
 .debug_str     0x00000000000c8795       0xed Src\main.o
                                      0xc621d (size before relaxing)
 .debug_str     0x00000000000c8882       0x25 Src\stm32f4xx_hal_msp.o
                                      0xc5b27 (size before relaxing)
 .debug_str     0x00000000000c88a7       0xe8 Src\stm32f4xx_it.o
                                      0xc555f (size before relaxing)
 .debug_str     0x00000000000c898f       0x5a Src\system_stm32f4xx.o
                                      0xc53c8 (size before relaxing)
 .debug_str     0x00000000000c89e9       0x31 Startup\startup_stm32f407vgtx.o
                                         0x8f (size before relaxing)

.comment        0x0000000000000000       0x7b
 .comment       0x0000000000000000       0x7b Drivers\STM32F4xx_HAL_Driver\Src\stm32f4xx_hal.o
                                         0x7c (size before relaxing)
 .comment       0x000000000000007b       0x7c Drivers\STM32F4xx_HAL_Driver\Src\stm32f4xx_hal_adc.o
 .comment       0x000000000000007b       0x7c Drivers\STM32F4xx_HAL_Driver\Src\stm32f4xx_hal_cortex.o
 .comment       0x000000000000007b       0x7c Drivers\STM32F4xx_HAL_Driver\Src\stm32f4xx_hal_dac.o
 .comment       0x000000000000007b       0x7c Drivers\STM32F4xx_HAL_Driver\Src\stm32f4xx_hal_dac_ex.o
 .comment       0x000000000000007b       0x7c Drivers\STM32F4xx_HAL_Driver\Src\stm32f4xx_hal_dma.o
 .comment       0x000000000000007b       0x7c Drivers\STM32F4xx_HAL_Driver\Src\stm32f4xx_hal_gpio.o
 .comment       0x000000000000007b       0x7c Drivers\STM32F4xx_HAL_Driver\Src\stm32f4xx_hal_rcc.o
 .comment       0x000000000000007b       0x7c Drivers\STM32F4xx_HAL_Driver\Src\stm32f4xx_hal_tim.o
 .comment       0x000000000000007b       0x7c Drivers\STM32F4xx_HAL_Driver\Src\stm32f4xx_hal_tim_ex.o
 .comment       0x000000000000007b       0x7c Src\main.o
 .comment       0x000000000000007b       0x7c Src\stm32f4xx_hal_msp.o
 .comment       0x000000000000007b       0x7c Src\stm32f4xx_it.o
 .comment       0x000000000000007b       0x7c Src\system_stm32f4xx.o

.debug_frame    0x0000000000000000     0x3238
 .debug_frame   0x0000000000000000      0x374 Drivers\STM32F4xx_HAL_Driver\Src\stm32f4xx_hal.o
 .debug_frame   0x0000000000000374      0x3fc Drivers\STM32F4xx_HAL_Driver\Src\stm32f4xx_hal_adc.o
 .debug_frame   0x0000000000000770      0x498 Drivers\STM32F4xx_HAL_Driver\Src\stm32f4xx_hal_cortex.o
 .debug_frame   0x0000000000000c08      0x338 Drivers\STM32F4xx_HAL_Driver\Src\stm32f4xx_hal_dac.o
 .debug_frame   0x0000000000000f40      0x1bc Drivers\STM32F4xx_HAL_Driver\Src\stm32f4xx_hal_dac_ex.o
 .debug_frame   0x00000000000010fc      0x250 Drivers\STM32F4xx_HAL_Driver\Src\stm32f4xx_hal_dma.o
 .debug_frame   0x000000000000134c      0x14c Drivers\STM32F4xx_HAL_Driver\Src\stm32f4xx_hal_gpio.o
 .debug_frame   0x0000000000001498      0x1f0 Drivers\STM32F4xx_HAL_Driver\Src\stm32f4xx_hal_rcc.o
 .debug_frame   0x0000000000001688     0x10f0 Drivers\STM32F4xx_HAL_Driver\Src\stm32f4xx_hal_tim.o
 .debug_frame   0x0000000000002778      0x5c0 Drivers\STM32F4xx_HAL_Driver\Src\stm32f4xx_hal_tim_ex.o
 .debug_frame   0x0000000000002d38      0x1a4 Src\main.o
 .debug_frame   0x0000000000002edc      0x114 Src\stm32f4xx_hal_msp.o
 .debug_frame   0x0000000000002ff0      0x144 Src\stm32f4xx_it.o
 .debug_frame   0x0000000000003134       0x58 Src\system_stm32f4xx.o
 .debug_frame   0x000000000000318c       0x2c c:/st/stm32cubeide_1.0.2/stm32cubeide/plugins/com.st.stm32cube.ide.mcu.externaltools.gnu-tools-for-stm32.7-2018-q2-update.win32_1.0.0.201904181610/tools/bin/../lib/gcc/arm-none-eabi/7.3.1/../../../../arm-none-eabi/lib/thumb/v7e-m/fpv4-sp/hard\libc_nano.a(lib_a-init.o)
 .debug_frame   0x00000000000031b8       0x20 c:/st/stm32cubeide_1.0.2/stm32cubeide/plugins/com.st.stm32cube.ide.mcu.externaltools.gnu-tools-for-stm32.7-2018-q2-update.win32_1.0.0.201904181610/tools/bin/../lib/gcc/arm-none-eabi/7.3.1/../../../../arm-none-eabi/lib/thumb/v7e-m/fpv4-sp/hard\libc_nano.a(lib_a-memset.o)
 .debug_frame   0x00000000000031d8       0x2c c:/st/stm32cubeide_1.0.2/stm32cubeide/plugins/com.st.stm32cube.ide.mcu.externaltools.gnu-tools-for-stm32.7-2018-q2-update.win32_1.0.0.201904181610/tools/bin/../lib/gcc/arm-none-eabi/7.3.1/thumb/v7e-m/fpv4-sp/hard\libgcc.a(_aeabi_uldivmod.o)
 .debug_frame   0x0000000000003204       0x34 c:/st/stm32cubeide_1.0.2/stm32cubeide/plugins/com.st.stm32cube.ide.mcu.externaltools.gnu-tools-for-stm32.7-2018-q2-update.win32_1.0.0.201904181610/tools/bin/../lib/gcc/arm-none-eabi/7.3.1/thumb/v7e-m/fpv4-sp/hard\libgcc.a(_udivmoddi4.o)
