Archive member included to satisfy reference by file (symbol)

c:/st/stm32cubeide_1.0.2/stm32cubeide/plugins/com.st.stm32cube.ide.mcu.externaltools.gnu-tools-for-stm32.7-2018-q2-update.win32_1.0.0.201904181610/tools/bin/../lib/gcc/arm-none-eabi/7.3.1/../../../../arm-none-eabi/lib/thumb/v7e-m/fpv4-sp/hard\libc_nano.a(lib_a-errno.o)
                              Src\syscalls.o (__errno)
c:/st/stm32cubeide_1.0.2/stm32cubeide/plugins/com.st.stm32cube.ide.mcu.externaltools.gnu-tools-for-stm32.7-2018-q2-update.win32_1.0.0.201904181610/tools/bin/../lib/gcc/arm-none-eabi/7.3.1/../../../../arm-none-eabi/lib/thumb/v7e-m/fpv4-sp/hard\libc_nano.a(lib_a-exit.o)
                              c:/st/stm32cubeide_1.0.2/stm32cubeide/plugins/com.st.stm32cube.ide.mcu.externaltools.gnu-tools-for-stm32.7-2018-q2-update.win32_1.0.0.201904181610/tools/bin/../lib/gcc/arm-none-eabi/7.3.1/../../../../arm-none-eabi/lib/thumb/v7e-m/fpv4-sp/hard/crt0.o (exit)
c:/st/stm32cubeide_1.0.2/stm32cubeide/plugins/com.st.stm32cube.ide.mcu.externaltools.gnu-tools-for-stm32.7-2018-q2-update.win32_1.0.0.201904181610/tools/bin/../lib/gcc/arm-none-eabi/7.3.1/../../../../arm-none-eabi/lib/thumb/v7e-m/fpv4-sp/hard\libc_nano.a(lib_a-impure.o)
                              c:/st/stm32cubeide_1.0.2/stm32cubeide/plugins/com.st.stm32cube.ide.mcu.externaltools.gnu-tools-for-stm32.7-2018-q2-update.win32_1.0.0.201904181610/tools/bin/../lib/gcc/arm-none-eabi/7.3.1/../../../../arm-none-eabi/lib/thumb/v7e-m/fpv4-sp/hard\libc_nano.a(lib_a-exit.o) (_global_impure_ptr)
c:/st/stm32cubeide_1.0.2/stm32cubeide/plugins/com.st.stm32cube.ide.mcu.externaltools.gnu-tools-for-stm32.7-2018-q2-update.win32_1.0.0.201904181610/tools/bin/../lib/gcc/arm-none-eabi/7.3.1/../../../../arm-none-eabi/lib/thumb/v7e-m/fpv4-sp/hard\libc_nano.a(lib_a-init.o)
                              c:/st/stm32cubeide_1.0.2/stm32cubeide/plugins/com.st.stm32cube.ide.mcu.externaltools.gnu-tools-for-stm32.7-2018-q2-update.win32_1.0.0.201904181610/tools/bin/../lib/gcc/arm-none-eabi/7.3.1/../../../../arm-none-eabi/lib/thumb/v7e-m/fpv4-sp/hard/crt0.o (__libc_init_array)
c:/st/stm32cubeide_1.0.2/stm32cubeide/plugins/com.st.stm32cube.ide.mcu.externaltools.gnu-tools-for-stm32.7-2018-q2-update.win32_1.0.0.201904181610/tools/bin/../lib/gcc/arm-none-eabi/7.3.1/../../../../arm-none-eabi/lib/thumb/v7e-m/fpv4-sp/hard\libc_nano.a(lib_a-memset.o)
                              c:/st/stm32cubeide_1.0.2/stm32cubeide/plugins/com.st.stm32cube.ide.mcu.externaltools.gnu-tools-for-stm32.7-2018-q2-update.win32_1.0.0.201904181610/tools/bin/../lib/gcc/arm-none-eabi/7.3.1/../../../../arm-none-eabi/lib/thumb/v7e-m/fpv4-sp/hard/crt0.o (memset)
c:/st/stm32cubeide_1.0.2/stm32cubeide/plugins/com.st.stm32cube.ide.mcu.externaltools.gnu-tools-for-stm32.7-2018-q2-update.win32_1.0.0.201904181610/tools/bin/../lib/gcc/arm-none-eabi/7.3.1/thumb/v7e-m/fpv4-sp/hard\libgcc.a(_aeabi_uldivmod.o)
                              Drivers\STM32F4xx_HAL_Driver\Src\stm32f4xx_hal_rcc.o (__aeabi_uldivmod)
c:/st/stm32cubeide_1.0.2/stm32cubeide/plugins/com.st.stm32cube.ide.mcu.externaltools.gnu-tools-for-stm32.7-2018-q2-update.win32_1.0.0.201904181610/tools/bin/../lib/gcc/arm-none-eabi/7.3.1/thumb/v7e-m/fpv4-sp/hard\libgcc.a(_udivmoddi4.o)
                              c:/st/stm32cubeide_1.0.2/stm32cubeide/plugins/com.st.stm32cube.ide.mcu.externaltools.gnu-tools-for-stm32.7-2018-q2-update.win32_1.0.0.201904181610/tools/bin/../lib/gcc/arm-none-eabi/7.3.1/thumb/v7e-m/fpv4-sp/hard\libgcc.a(_aeabi_uldivmod.o) (__udivmoddi4)
c:/st/stm32cubeide_1.0.2/stm32cubeide/plugins/com.st.stm32cube.ide.mcu.externaltools.gnu-tools-for-stm32.7-2018-q2-update.win32_1.0.0.201904181610/tools/bin/../lib/gcc/arm-none-eabi/7.3.1/thumb/v7e-m/fpv4-sp/hard\libgcc.a(_dvmd_tls.o)
                              c:/st/stm32cubeide_1.0.2/stm32cubeide/plugins/com.st.stm32cube.ide.mcu.externaltools.gnu-tools-for-stm32.7-2018-q2-update.win32_1.0.0.201904181610/tools/bin/../lib/gcc/arm-none-eabi/7.3.1/thumb/v7e-m/fpv4-sp/hard\libgcc.a(_aeabi_uldivmod.o) (__aeabi_ldiv0)

Allocating common symbols
Common symbol       size              file

adc_val             0x400             Src\main.o
uwTick              0x4               Drivers\STM32F4xx_HAL_Driver\Src\stm32f4xx_hal.o
pFlash              0x20              Drivers\STM32F4xx_HAL_Driver\Src\stm32f4xx_hal_flash.o
dac_val             0x400             Src\main.o
htim2               0x40              Src\main.o
hdma_spi2_tx        0x60              Src\main.o
hdma_spi3_rx        0x60              Src\main.o
hi2s2               0x48              Src\main.o
hi2s3               0x48              Src\main.o

Discarded input sections

 .text          0x0000000000000000        0x0 c:/st/stm32cubeide_1.0.2/stm32cubeide/plugins/com.st.stm32cube.ide.mcu.externaltools.gnu-tools-for-stm32.7-2018-q2-update.win32_1.0.0.201904181610/tools/bin/../lib/gcc/arm-none-eabi/7.3.1/thumb/v7e-m/fpv4-sp/hard/crti.o
[...]
Memory Configuration

Name             Origin             Length             Attributes
CCMRAM           0x0000000010000000 0x0000000000010000 xrw
RAM              0x0000000020000000 0x0000000000020000 xrw
FLASH            0x0000000008000000 0x0000000000100000 xr
*default*        0x0000000000000000 0xffffffffffffffff

Linker script and memory map

LOAD c:/st/stm32cubeide_1.0.2/stm32cubeide/plugins/com.st.stm32cube.ide.mcu.externaltools.gnu-tools-for-stm32.7-2018-q2-update.win32_1.0.0.201904181610/tools/bin/../lib/gcc/arm-none-eabi/7.3.1/thumb/v7e-m/fpv4-sp/hard/crti.o
LOAD c:/st/stm32cubeide_1.0.2/stm32cubeide/plugins/com.st.stm32cube.ide.mcu.externaltools.gnu-tools-for-stm32.7-2018-q2-update.win32_1.0.0.201904181610/tools/bin/../lib/gcc/arm-none-eabi/7.3.1/thumb/v7e-m/fpv4-sp/hard/crtbegin.o
LOAD c:/st/stm32cubeide_1.0.2/stm32cubeide/plugins/com.st.stm32cube.ide.mcu.externaltools.gnu-tools-for-stm32.7-2018-q2-update.win32_1.0.0.201904181610/tools/bin/../lib/gcc/arm-none-eabi/7.3.1/../../../../arm-none-eabi/lib/thumb/v7e-m/fpv4-sp/hard/crt0.o
LOAD Drivers\STM32F4xx_HAL_Driver\Src\stm32f4xx_hal.o
LOAD Drivers\STM32F4xx_HAL_Driver\Src\stm32f4xx_hal_cortex.o
LOAD Drivers\STM32F4xx_HAL_Driver\Src\stm32f4xx_hal_dma.o
LOAD Drivers\STM32F4xx_HAL_Driver\Src\stm32f4xx_hal_dma_ex.o
LOAD Drivers\STM32F4xx_HAL_Driver\Src\stm32f4xx_hal_exti.o
LOAD Drivers\STM32F4xx_HAL_Driver\Src\stm32f4xx_hal_flash.o
LOAD Drivers\STM32F4xx_HAL_Driver\Src\stm32f4xx_hal_flash_ex.o
LOAD Drivers\STM32F4xx_HAL_Driver\Src\stm32f4xx_hal_flash_ramfunc.o
LOAD Drivers\STM32F4xx_HAL_Driver\Src\stm32f4xx_hal_gpio.o
LOAD Drivers\STM32F4xx_HAL_Driver\Src\stm32f4xx_hal_i2s.o
LOAD Drivers\STM32F4xx_HAL_Driver\Src\stm32f4xx_hal_i2s_ex.o
LOAD Drivers\STM32F4xx_HAL_Driver\Src\stm32f4xx_hal_pwr.o
LOAD Drivers\STM32F4xx_HAL_Driver\Src\stm32f4xx_hal_pwr_ex.o
LOAD Drivers\STM32F4xx_HAL_Driver\Src\stm32f4xx_hal_rcc.o
LOAD Drivers\STM32F4xx_HAL_Driver\Src\stm32f4xx_hal_rcc_ex.o
LOAD Drivers\STM32F4xx_HAL_Driver\Src\stm32f4xx_hal_tim.o
LOAD Drivers\STM32F4xx_HAL_Driver\Src\stm32f4xx_hal_tim_ex.o
LOAD Src\main.o
LOAD Src\stm32f4xx_hal_msp.o
LOAD Src\stm32f4xx_it.o
LOAD Src\syscalls.o
LOAD Src\sysmem.o
LOAD Src\system_stm32f4xx.o
LOAD Startup\startup_stm32f407vgtx.o
START GROUP
LOAD c:/st/stm32cubeide_1.0.2/stm32cubeide/plugins/com.st.stm32cube.ide.mcu.externaltools.gnu-tools-for-stm32.7-2018-q2-update.win32_1.0.0.201904181610/tools/bin/../lib/gcc/arm-none-eabi/7.3.1/../../../../arm-none-eabi/lib/thumb/v7e-m/fpv4-sp/hard\libc_nano.a
LOAD c:/st/stm32cubeide_1.0.2/stm32cubeide/plugins/com.st.stm32cube.ide.mcu.externaltools.gnu-tools-for-stm32.7-2018-q2-update.win32_1.0.0.201904181610/tools/bin/../lib/gcc/arm-none-eabi/7.3.1/../../../../arm-none-eabi/lib/thumb/v7e-m/fpv4-sp/hard\libm.a
END GROUP
START GROUP
LOAD c:/st/stm32cubeide_1.0.2/stm32cubeide/plugins/com.st.stm32cube.ide.mcu.externaltools.gnu-tools-for-stm32.7-2018-q2-update.win32_1.0.0.201904181610/tools/bin/../lib/gcc/arm-none-eabi/7.3.1/thumb/v7e-m/fpv4-sp/hard\libgcc.a
LOAD c:/st/stm32cubeide_1.0.2/stm32cubeide/plugins/com.st.stm32cube.ide.mcu.externaltools.gnu-tools-for-stm32.7-2018-q2-update.win32_1.0.0.201904181610/tools/bin/../lib/gcc/arm-none-eabi/7.3.1/../../../../arm-none-eabi/lib/thumb/v7e-m/fpv4-sp/hard\libc_nano.a
END GROUP
START GROUP
LOAD c:/st/stm32cubeide_1.0.2/stm32cubeide/plugins/com.st.stm32cube.ide.mcu.externaltools.gnu-tools-for-stm32.7-2018-q2-update.win32_1.0.0.201904181610/tools/bin/../lib/gcc/arm-none-eabi/7.3.1/thumb/v7e-m/fpv4-sp/hard\libgcc.a
LOAD c:/st/stm32cubeide_1.0.2/stm32cubeide/plugins/com.st.stm32cube.ide.mcu.externaltools.gnu-tools-for-stm32.7-2018-q2-update.win32_1.0.0.201904181610/tools/bin/../lib/gcc/arm-none-eabi/7.3.1/../../../../arm-none-eabi/lib/thumb/v7e-m/fpv4-sp/hard\libc_nano.a
LOAD c:/st/stm32cubeide_1.0.2/stm32cubeide/plugins/com.st.stm32cube.ide.mcu.externaltools.gnu-tools-for-stm32.7-2018-q2-update.win32_1.0.0.201904181610/tools/bin/../lib/gcc/arm-none-eabi/7.3.1/../../../../arm-none-eabi/lib/thumb/v7e-m/fpv4-sp/hard\libnosys.a
END GROUP
START GROUP
LOAD c:/st/stm32cubeide_1.0.2/stm32cubeide/plugins/com.st.stm32cube.ide.mcu.externaltools.gnu-tools-for-stm32.7-2018-q2-update.win32_1.0.0.201904181610/tools/bin/../lib/gcc/arm-none-eabi/7.3.1/thumb/v7e-m/fpv4-sp/hard\libgcc.a
LOAD c:/st/stm32cubeide_1.0.2/stm32cubeide/plugins/com.st.stm32cube.ide.mcu.externaltools.gnu-tools-for-stm32.7-2018-q2-update.win32_1.0.0.201904181610/tools/bin/../lib/gcc/arm-none-eabi/7.3.1/../../../../arm-none-eabi/lib/thumb/v7e-m/fpv4-sp/hard\libc_nano.a
LOAD c:/st/stm32cubeide_1.0.2/stm32cubeide/plugins/com.st.stm32cube.ide.mcu.externaltools.gnu-tools-for-stm32.7-2018-q2-update.win32_1.0.0.201904181610/tools/bin/../lib/gcc/arm-none-eabi/7.3.1/../../../../arm-none-eabi/lib/thumb/v7e-m/fpv4-sp/hard\libnosys.a
END GROUP
LOAD c:/st/stm32cubeide_1.0.2/stm32cubeide/plugins/com.st.stm32cube.ide.mcu.externaltools.gnu-tools-for-stm32.7-2018-q2-update.win32_1.0.0.201904181610/tools/bin/../lib/gcc/arm-none-eabi/7.3.1/thumb/v7e-m/fpv4-sp/hard/crtend.o
LOAD c:/st/stm32cubeide_1.0.2/stm32cubeide/plugins/com.st.stm32cube.ide.mcu.externaltools.gnu-tools-for-stm32.7-2018-q2-update.win32_1.0.0.201904181610/tools/bin/../lib/gcc/arm-none-eabi/7.3.1/thumb/v7e-m/fpv4-sp/hard/crtn.o
                0x0000000020020000                _estack = 0x20020000
                0x0000000000000200                _Min_Heap_Size = 0x200
                0x0000000000000400                _Min_Stack_Size = 0x400

.isr_vector     0x0000000008000000      0x188
                0x0000000008000000                . = ALIGN (0x4)
 *(.isr_vector)
 .isr_vector    0x0000000008000000      0x188 Startup\startup_stm32f407vgtx.o
                0x0000000008000000                g_pfnVectors
                0x0000000008000188                . = ALIGN (0x4)

.text           0x0000000008000188     0x34e8
                0x0000000008000188                . = ALIGN (0x4)
 *(.text)
 .text          0x0000000008000188       0x40 c:/st/stm32cubeide_1.0.2/stm32cubeide/plugins/com.st.stm32cube.ide.mcu.externaltools.gnu-tools-for-stm32.7-2018-q2-update.win32_1.0.0.201904181610/tools/bin/../lib/gcc/arm-none-eabi/7.3.1/thumb/v7e-m/fpv4-sp/hard/crtbegin.o
 .text          0x00000000080001c8       0x30 c:/st/stm32cubeide_1.0.2/stm32cubeide/plugins/com.st.stm32cube.ide.mcu.externaltools.gnu-tools-for-stm32.7-2018-q2-update.win32_1.0.0.201904181610/tools/bin/../lib/gcc/arm-none-eabi/7.3.1/thumb/v7e-m/fpv4-sp/hard\libgcc.a(_aeabi_uldivmod.o)
                0x00000000080001c8                __aeabi_uldivmod
 .text          0x00000000080001f8      0x2cc c:/st/stm32cubeide_1.0.2/stm32cubeide/plugins/com.st.stm32cube.ide.mcu.externaltools.gnu-tools-for-stm32.7-2018-q2-update.win32_1.0.0.201904181610/tools/bin/../lib/gcc/arm-none-eabi/7.3.1/thumb/v7e-m/fpv4-sp/hard\libgcc.a(_udivmoddi4.o)
                0x00000000080001f8                __udivmoddi4
 .text          0x00000000080004c4        0x4 c:/st/stm32cubeide_1.0.2/stm32cubeide/plugins/com.st.stm32cube.ide.mcu.externaltools.gnu-tools-for-stm32.7-2018-q2-update.win32_1.0.0.201904181610/tools/bin/../lib/gcc/arm-none-eabi/7.3.1/thumb/v7e-m/fpv4-sp/hard\libgcc.a(_dvmd_tls.o)
                0x00000000080004c4                __aeabi_idiv0
                0x00000000080004c4                __aeabi_ldiv0
 *(.text*)
 .text.HAL_Init
                0x00000000080004c8       0x44 Drivers\STM32F4xx_HAL_Driver\Src\stm32f4xx_hal.o
                0x00000000080004c8                HAL_Init
 .text.HAL_InitTick
                0x000000000800050c       0x60 Drivers\STM32F4xx_HAL_Driver\Src\stm32f4xx_hal.o
                0x000000000800050c                HAL_InitTick
 .text.HAL_IncTick
                0x000000000800056c       0x28 Drivers\STM32F4xx_HAL_Driver\Src\stm32f4xx_hal.o
                0x000000000800056c                HAL_IncTick
 .text.HAL_GetTick
                0x0000000008000594       0x18 Drivers\STM32F4xx_HAL_Driver\Src\stm32f4xx_hal.o
                0x0000000008000594                HAL_GetTick
 .text.__NVIC_SetPriorityGrouping
                0x00000000080005ac       0x48 Drivers\STM32F4xx_HAL_Driver\Src\stm32f4xx_hal_cortex.o
 .text.__NVIC_GetPriorityGrouping
                0x00000000080005f4       0x1c Drivers\STM32F4xx_HAL_Driver\Src\stm32f4xx_hal_cortex.o
 .text.__NVIC_EnableIRQ
                0x0000000008000610       0x3c Drivers\STM32F4xx_HAL_Driver\Src\stm32f4xx_hal_cortex.o
 .text.__NVIC_SetPriority
                0x000000000800064c       0x54 Drivers\STM32F4xx_HAL_Driver\Src\stm32f4xx_hal_cortex.o
 .text.NVIC_EncodePriority
                0x00000000080006a0       0x66 Drivers\STM32F4xx_HAL_Driver\Src\stm32f4xx_hal_cortex.o
 *fill*         0x0000000008000706        0x2 
 .text.SysTick_Config
                0x0000000008000708       0x44 Drivers\STM32F4xx_HAL_Driver\Src\stm32f4xx_hal_cortex.o
 .text.HAL_NVIC_SetPriorityGrouping
                0x000000000800074c       0x16 Drivers\STM32F4xx_HAL_Driver\Src\stm32f4xx_hal_cortex.o
                0x000000000800074c                HAL_NVIC_SetPriorityGrouping
 .text.HAL_NVIC_SetPriority
                0x0000000008000762       0x38 Drivers\STM32F4xx_HAL_Driver\Src\stm32f4xx_hal_cortex.o
                0x0000000008000762                HAL_NVIC_SetPriority
 .text.HAL_NVIC_EnableIRQ
                0x000000000800079a       0x1c Drivers\STM32F4xx_HAL_Driver\Src\stm32f4xx_hal_cortex.o
                0x000000000800079a                HAL_NVIC_EnableIRQ
 .text.HAL_SYSTICK_Config
                0x00000000080007b6       0x18 Drivers\STM32F4xx_HAL_Driver\Src\stm32f4xx_hal_cortex.o
                0x00000000080007b6                HAL_SYSTICK_Config
 *fill*         0x00000000080007ce        0x2 
 .text.HAL_DMA_Init
                0x00000000080007d0      0x15c Drivers\STM32F4xx_HAL_Driver\Src\stm32f4xx_hal_dma.o
                0x00000000080007d0                HAL_DMA_Init
 .text.HAL_DMA_Start_IT
                0x000000000800092c       0xc0 Drivers\STM32F4xx_HAL_Driver\Src\stm32f4xx_hal_dma.o
                0x000000000800092c                HAL_DMA_Start_IT
 .text.HAL_DMA_IRQHandler
                0x00000000080009ec      0x314 Drivers\STM32F4xx_HAL_Driver\Src\stm32f4xx_hal_dma.o
                0x00000000080009ec                HAL_DMA_IRQHandler
 .text.DMA_SetConfig
                0x0000000008000d00       0x5c Drivers\STM32F4xx_HAL_Driver\Src\stm32f4xx_hal_dma.o
 .text.DMA_CalcBaseAndBitshift
                0x0000000008000d5c       0x6c Drivers\STM32F4xx_HAL_Driver\Src\stm32f4xx_hal_dma.o
 .text.DMA_CheckFifoParam
                0x0000000008000dc8       0xf4 Drivers\STM32F4xx_HAL_Driver\Src\stm32f4xx_hal_dma.o
 .text.HAL_GPIO_Init
                0x0000000008000ebc      0x334 Drivers\STM32F4xx_HAL_Driver\Src\stm32f4xx_hal_gpio.o
                0x0000000008000ebc                HAL_GPIO_Init
 .text.HAL_I2S_Init
                0x00000000080011f0      0x280 Drivers\STM32F4xx_HAL_Driver\Src\stm32f4xx_hal_i2s.o
                0x00000000080011f0                HAL_I2S_Init
 .text.HAL_I2S_Transmit_DMA
                0x0000000008001470      0x150 Drivers\STM32F4xx_HAL_Driver\Src\stm32f4xx_hal_i2s.o
                0x0000000008001470                HAL_I2S_Transmit_DMA
 .text.HAL_I2S_Receive_DMA
                0x00000000080015c0      0x178 Drivers\STM32F4xx_HAL_Driver\Src\stm32f4xx_hal_i2s.o
                0x00000000080015c0                HAL_I2S_Receive_DMA
 .text.HAL_I2S_TxHalfCpltCallback
                0x0000000008001738       0x14 Drivers\STM32F4xx_HAL_Driver\Src\stm32f4xx_hal_i2s.o
                0x0000000008001738                HAL_I2S_TxHalfCpltCallback
 .text.HAL_I2S_TxCpltCallback
                0x000000000800174c       0x14 Drivers\STM32F4xx_HAL_Driver\Src\stm32f4xx_hal_i2s.o
                0x000000000800174c                HAL_I2S_TxCpltCallback
 .text.HAL_I2S_RxHalfCpltCallback
                0x0000000008001760       0x14 Drivers\STM32F4xx_HAL_Driver\Src\stm32f4xx_hal_i2s.o
                0x0000000008001760                HAL_I2S_RxHalfCpltCallback
 .text.HAL_I2S_RxCpltCallback
                0x0000000008001774       0x14 Drivers\STM32F4xx_HAL_Driver\Src\stm32f4xx_hal_i2s.o
                0x0000000008001774                HAL_I2S_RxCpltCallback
 .text.HAL_I2S_ErrorCallback
                0x0000000008001788       0x14 Drivers\STM32F4xx_HAL_Driver\Src\stm32f4xx_hal_i2s.o
                0x0000000008001788                HAL_I2S_ErrorCallback
 .text.I2S_DMATxCplt
                0x000000000800179c       0x42 Drivers\STM32F4xx_HAL_Driver\Src\stm32f4xx_hal_i2s.o
 .text.I2S_DMATxHalfCplt
                0x00000000080017de       0x1c Drivers\STM32F4xx_HAL_Driver\Src\stm32f4xx_hal_i2s.o
 .text.I2S_DMARxCplt
                0x00000000080017fa       0x42 Drivers\STM32F4xx_HAL_Driver\Src\stm32f4xx_hal_i2s.o
 .text.I2S_DMARxHalfCplt
                0x000000000800183c       0x1c Drivers\STM32F4xx_HAL_Driver\Src\stm32f4xx_hal_i2s.o
 .text.I2S_DMAError
                0x0000000008001858       0x4c Drivers\STM32F4xx_HAL_Driver\Src\stm32f4xx_hal_i2s.o
 .text.I2S_Transmit_IT
                0x00000000080018a4       0x5c Drivers\STM32F4xx_HAL_Driver\Src\stm32f4xx_hal_i2s.o
 .text.I2S_Receive_IT
                0x0000000008001900       0x5e Drivers\STM32F4xx_HAL_Driver\Src\stm32f4xx_hal_i2s.o
 .text.I2S_IRQHandler
                0x000000000800195e      0x114 Drivers\STM32F4xx_HAL_Driver\Src\stm32f4xx_hal_i2s.o
 *fill*         0x0000000008001a72        0x2 
 .text.HAL_I2SEx_FullDuplex_IRQHandler
                0x0000000008001a74      0x2a8 Drivers\STM32F4xx_HAL_Driver\Src\stm32f4xx_hal_i2s_ex.o
                0x0000000008001a74                HAL_I2SEx_FullDuplex_IRQHandler
 .text.HAL_I2SEx_TxRxCpltCallback
                0x0000000008001d1c       0x14 Drivers\STM32F4xx_HAL_Driver\Src\stm32f4xx_hal_i2s_ex.o
                0x0000000008001d1c                HAL_I2SEx_TxRxCpltCallback
 .text.I2SEx_TxISR_I2S
                0x0000000008001d30       0x62 Drivers\STM32F4xx_HAL_Driver\Src\stm32f4xx_hal_i2s_ex.o
 *fill*         0x0000000008001d92        0x2 
 .text.I2SEx_TxISR_I2SExt
                0x0000000008001d94       0x98 Drivers\STM32F4xx_HAL_Driver\Src\stm32f4xx_hal_i2s_ex.o
 .text.I2SEx_RxISR_I2S
                0x0000000008001e2c       0x64 Drivers\STM32F4xx_HAL_Driver\Src\stm32f4xx_hal_i2s_ex.o
 .text.I2SEx_RxISR_I2SExt
                0x0000000008001e90       0x98 Drivers\STM32F4xx_HAL_Driver\Src\stm32f4xx_hal_i2s_ex.o
 .text.HAL_RCC_OscConfig
                0x0000000008001f28      0x484 Drivers\STM32F4xx_HAL_Driver\Src\stm32f4xx_hal_rcc.o
                0x0000000008001f28                HAL_RCC_OscConfig
 .text.HAL_RCC_ClockConfig
                0x00000000080023ac      0x1c4 Drivers\STM32F4xx_HAL_Driver\Src\stm32f4xx_hal_rcc.o
                0x00000000080023ac                HAL_RCC_ClockConfig
 .text.HAL_RCC_GetSysClockFreq
                0x0000000008002570      0x1b0 Drivers\STM32F4xx_HAL_Driver\Src\stm32f4xx_hal_rcc.o
                0x0000000008002570                HAL_RCC_GetSysClockFreq
 .text.HAL_RCCEx_PeriphCLKConfig
                0x0000000008002720      0x1c4 Drivers\STM32F4xx_HAL_Driver\Src\stm32f4xx_hal_rcc_ex.o
                0x0000000008002720                HAL_RCCEx_PeriphCLKConfig
 .text.HAL_RCCEx_GetPeriphCLKFreq
                0x00000000080028e4       0xb8 Drivers\STM32F4xx_HAL_Driver\Src\stm32f4xx_hal_rcc_ex.o
                0x00000000080028e4                HAL_RCCEx_GetPeriphCLKFreq
 .text.HAL_TIM_Base_Init
                0x000000000800299c       0x56 Drivers\STM32F4xx_HAL_Driver\Src\stm32f4xx_hal_tim.o
                0x000000000800299c                HAL_TIM_Base_Init
 .text.HAL_TIM_ConfigClockSource
                0x00000000080029f2      0x16e Drivers\STM32F4xx_HAL_Driver\Src\stm32f4xx_hal_tim.o
                0x00000000080029f2                HAL_TIM_ConfigClockSource
 .text.TIM_Base_SetConfig
                0x0000000008002b60      0x140 Drivers\STM32F4xx_HAL_Driver\Src\stm32f4xx_hal_tim.o
                0x0000000008002b60                TIM_Base_SetConfig
 .text.TIM_TI1_ConfigInputStage
                0x0000000008002ca0       0x5e Drivers\STM32F4xx_HAL_Driver\Src\stm32f4xx_hal_tim.o
 .text.TIM_TI2_ConfigInputStage
                0x0000000008002cfe       0x60 Drivers\STM32F4xx_HAL_Driver\Src\stm32f4xx_hal_tim.o
 .text.TIM_ITRx_SetConfig
                0x0000000008002d5e       0x36 Drivers\STM32F4xx_HAL_Driver\Src\stm32f4xx_hal_tim.o
 .text.TIM_ETR_SetConfig
                0x0000000008002d94       0x40 Drivers\STM32F4xx_HAL_Driver\Src\stm32f4xx_hal_tim.o
                0x0000000008002d94                TIM_ETR_SetConfig
 .text.HAL_TIMEx_MasterConfigSynchronization
                0x0000000008002dd4       0x8a Drivers\STM32F4xx_HAL_Driver\Src\stm32f4xx_hal_tim_ex.o
                0x0000000008002dd4                HAL_TIMEx_MasterConfigSynchronization
 *fill*         0x0000000008002e5e        0x2 
 .text.main     0x0000000008002e60       0x44 Src\main.o
                0x0000000008002e60                main
 .text.SystemClock_Config
                0x0000000008002ea4      0x104 Src\main.o
                0x0000000008002ea4                SystemClock_Config
 .text.MX_I2S2_Init
                0x0000000008002fa8       0x5c Src\main.o
 .text.MX_I2S3_Init
                0x0000000008003004       0x5c Src\main.o
 .text.MX_TIM2_Init
                0x0000000008003060       0x98 Src\main.o
 .text.MX_DMA_Init
                0x00000000080030f8       0x50 Src\main.o
 .text.MX_GPIO_Init
                0x0000000008003148       0x88 Src\main.o
 .text.Error_Handler
                0x00000000080031d0        0xe Src\main.o
                0x00000000080031d0                Error_Handler
 *fill*         0x00000000080031de        0x2 
 .text.HAL_MspInit
                0x00000000080031e0       0x50 Src\stm32f4xx_hal_msp.o
                0x00000000080031e0                HAL_MspInit
 .text.HAL_I2S_MspInit
                0x0000000008003230      0x24c Src\stm32f4xx_hal_msp.o
                0x0000000008003230                HAL_I2S_MspInit
 .text.HAL_TIM_Base_MspInit
                0x000000000800347c       0x40 Src\stm32f4xx_hal_msp.o
                0x000000000800347c                HAL_TIM_Base_MspInit
 .text.NMI_Handler
                0x00000000080034bc        0xe Src\stm32f4xx_it.o
                0x00000000080034bc                NMI_Handler
 .text.HardFault_Handler
                0x00000000080034ca        0x6 Src\stm32f4xx_it.o
                0x00000000080034ca                HardFault_Handler
 .text.MemManage_Handler
                0x00000000080034d0        0x6 Src\stm32f4xx_it.o
                0x00000000080034d0                MemManage_Handler
 .text.BusFault_Handler
                0x00000000080034d6        0x6 Src\stm32f4xx_it.o
                0x00000000080034d6                BusFault_Handler
 .text.UsageFault_Handler
                0x00000000080034dc        0x6 Src\stm32f4xx_it.o
                0x00000000080034dc                UsageFault_Handler
 .text.SVC_Handler
                0x00000000080034e2        0xe Src\stm32f4xx_it.o
                0x00000000080034e2                SVC_Handler
 .text.DebugMon_Handler
                0x00000000080034f0        0xe Src\stm32f4xx_it.o
                0x00000000080034f0                DebugMon_Handler
 .text.PendSV_Handler
                0x00000000080034fe        0xe Src\stm32f4xx_it.o
                0x00000000080034fe                PendSV_Handler
 .text.SysTick_Handler
                0x000000000800350c        0xc Src\stm32f4xx_it.o
                0x000000000800350c                SysTick_Handler
 .text.DMA1_Stream0_IRQHandler
                0x0000000008003518       0x14 Src\stm32f4xx_it.o
                0x0000000008003518                DMA1_Stream0_IRQHandler
 .text.DMA1_Stream4_IRQHandler
                0x000000000800352c       0x14 Src\stm32f4xx_it.o
                0x000000000800352c                DMA1_Stream4_IRQHandler
 .text.SystemInit
                0x0000000008003540       0x6c Src\system_stm32f4xx.o
                0x0000000008003540                SystemInit
 .text.Reset_Handler
                0x00000000080035ac       0x50 Startup\startup_stm32f407vgtx.o
                0x00000000080035ac                Reset_Handler
 .text.Default_Handler
                0x00000000080035fc        0x2 Startup\startup_stm32f407vgtx.o
                0x00000000080035fc                RTC_Alarm_IRQHandler
                0x00000000080035fc                HASH_RNG_IRQHandler
                0x00000000080035fc                EXTI2_IRQHandler
                0x00000000080035fc                TIM8_CC_IRQHandler
                0x00000000080035fc                TIM1_CC_IRQHandler
                0x00000000080035fc                DMA2_Stream5_IRQHandler
                0x00000000080035fc                DMA1_Stream5_IRQHandler
                0x00000000080035fc                PVD_IRQHandler
                0x00000000080035fc                SDIO_IRQHandler
                0x00000000080035fc                TAMP_STAMP_IRQHandler
                0x00000000080035fc                CAN2_RX1_IRQHandler
                0x00000000080035fc                EXTI3_IRQHandler
                0x00000000080035fc                TIM8_TRG_COM_TIM14_IRQHandler
                0x00000000080035fc                TIM1_UP_TIM10_IRQHandler
                0x00000000080035fc                TIM8_UP_TIM13_IRQHandler
                0x00000000080035fc                I2C3_ER_IRQHandler
                0x00000000080035fc                EXTI0_IRQHandler
                0x00000000080035fc                I2C2_EV_IRQHandler
                0x00000000080035fc                DMA1_Stream2_IRQHandler
                0x00000000080035fc                CAN1_RX0_IRQHandler
                0x00000000080035fc                FPU_IRQHandler
                0x00000000080035fc                OTG_HS_WKUP_IRQHandler
                0x00000000080035fc                CAN2_SCE_IRQHandler
                0x00000000080035fc                DMA2_Stream2_IRQHandler
                0x00000000080035fc                SPI1_IRQHandler
                0x00000000080035fc                TIM6_DAC_IRQHandler
                0x00000000080035fc                TIM1_BRK_TIM9_IRQHandler
                0x00000000080035fc                DCMI_IRQHandler
                0x00000000080035fc                CAN2_RX0_IRQHandler
                0x00000000080035fc                DMA2_Stream3_IRQHandler
                0x00000000080035fc                USART6_IRQHandler
                0x00000000080035fc                USART3_IRQHandler
                0x00000000080035fc                CAN1_RX1_IRQHandler
                0x00000000080035fc                UART5_IRQHandler
                0x00000000080035fc                DMA2_Stream0_IRQHandler
                0x00000000080035fc                TIM4_IRQHandler
                0x00000000080035fc                I2C1_EV_IRQHandler
                0x00000000080035fc                DMA1_Stream6_IRQHandler
                0x00000000080035fc                DMA1_Stream1_IRQHandler
                0x00000000080035fc                UART4_IRQHandler
                0x00000000080035fc                TIM3_IRQHandler
                0x00000000080035fc                RCC_IRQHandler
                0x00000000080035fc                TIM8_BRK_TIM12_IRQHandler
                0x00000000080035fc                Default_Handler
                0x00000000080035fc                EXTI15_10_IRQHandler
                0x00000000080035fc                ADC_IRQHandler
                0x00000000080035fc                DMA1_Stream7_IRQHandler
                0x00000000080035fc                TIM7_IRQHandler
                0x00000000080035fc                CAN2_TX_IRQHandler
                0x00000000080035fc                TIM5_IRQHandler
                0x00000000080035fc                DMA2_Stream7_IRQHandler
                0x00000000080035fc                I2C3_EV_IRQHandler
                0x00000000080035fc                EXTI9_5_IRQHandler
                0x00000000080035fc                RTC_WKUP_IRQHandler
                0x00000000080035fc                ETH_WKUP_IRQHandler
                0x00000000080035fc                SPI2_IRQHandler
                0x00000000080035fc                OTG_HS_EP1_IN_IRQHandler
                0x00000000080035fc                CAN1_TX_IRQHandler
                0x00000000080035fc                EXTI4_IRQHandler
                0x00000000080035fc                FSMC_IRQHandler
                0x00000000080035fc                ETH_IRQHandler
                0x00000000080035fc                OTG_HS_EP1_OUT_IRQHandler
                0x00000000080035fc                WWDG_IRQHandler
                0x00000000080035fc                TIM2_IRQHandler
                0x00000000080035fc                OTG_FS_WKUP_IRQHandler
                0x00000000080035fc                TIM1_TRG_COM_TIM11_IRQHandler
                0x00000000080035fc                OTG_HS_IRQHandler
                0x00000000080035fc                EXTI1_IRQHandler
                0x00000000080035fc                USART2_IRQHandler
                0x00000000080035fc                I2C2_ER_IRQHandler
                0x00000000080035fc                DMA2_Stream1_IRQHandler
                0x00000000080035fc                CAN1_SCE_IRQHandler
                0x00000000080035fc                FLASH_IRQHandler
                0x00000000080035fc                DMA2_Stream4_IRQHandler
                0x00000000080035fc                USART1_IRQHandler
                0x00000000080035fc                OTG_FS_IRQHandler
                0x00000000080035fc                SPI3_IRQHandler
                0x00000000080035fc                I2C1_ER_IRQHandler
                0x00000000080035fc                DMA2_Stream6_IRQHandler
                0x00000000080035fc                DMA1_Stream3_IRQHandler
 *fill*         0x00000000080035fe        0x2 
 .text.__libc_init_array
                0x0000000008003600       0x48 c:/st/stm32cubeide_1.0.2/stm32cubeide/plugins/com.st.stm32cube.ide.mcu.externaltools.gnu-tools-for-stm32.7-2018-q2-update.win32_1.0.0.201904181610/tools/bin/../lib/gcc/arm-none-eabi/7.3.1/../../../../arm-none-eabi/lib/thumb/v7e-m/fpv4-sp/hard\libc_nano.a(lib_a-init.o)
                0x0000000008003600                __libc_init_array
 .text.memset   0x0000000008003648       0x10 c:/st/stm32cubeide_1.0.2/stm32cubeide/plugins/com.st.stm32cube.ide.mcu.externaltools.gnu-tools-for-stm32.7-2018-q2-update.win32_1.0.0.201904181610/tools/bin/../lib/gcc/arm-none-eabi/7.3.1/../../../../arm-none-eabi/lib/thumb/v7e-m/fpv4-sp/hard\libc_nano.a(lib_a-memset.o)
                0x0000000008003648                memset
 *(.glue_7)
 .glue_7        0x0000000008003658        0x0 linker stubs
 *(.glue_7t)
 .glue_7t       0x0000000008003658        0x0 linker stubs
 *(.eh_frame)
 .eh_frame      0x0000000008003658        0x0 c:/st/stm32cubeide_1.0.2/stm32cubeide/plugins/com.st.stm32cube.ide.mcu.externaltools.gnu-tools-for-stm32.7-2018-q2-update.win32_1.0.0.201904181610/tools/bin/../lib/gcc/arm-none-eabi/7.3.1/thumb/v7e-m/fpv4-sp/hard/crtbegin.o
 *(.init)
 .init          0x0000000008003658        0x4 c:/st/stm32cubeide_1.0.2/stm32cubeide/plugins/com.st.stm32cube.ide.mcu.externaltools.gnu-tools-for-stm32.7-2018-q2-update.win32_1.0.0.201904181610/tools/bin/../lib/gcc/arm-none-eabi/7.3.1/thumb/v7e-m/fpv4-sp/hard/crti.o
                0x0000000008003658                _init
 .init          0x000000000800365c        0x8 c:/st/stm32cubeide_1.0.2/stm32cubeide/plugins/com.st.stm32cube.ide.mcu.externaltools.gnu-tools-for-stm32.7-2018-q2-update.win32_1.0.0.201904181610/tools/bin/../lib/gcc/arm-none-eabi/7.3.1/thumb/v7e-m/fpv4-sp/hard/crtn.o
 *(.fini)
 .fini          0x0000000008003664        0x4 c:/st/stm32cubeide_1.0.2/stm32cubeide/plugins/com.st.stm32cube.ide.mcu.externaltools.gnu-tools-for-stm32.7-2018-q2-update.win32_1.0.0.201904181610/tools/bin/../lib/gcc/arm-none-eabi/7.3.1/thumb/v7e-m/fpv4-sp/hard/crti.o
                0x0000000008003664                _fini
 .fini          0x0000000008003668        0x8 c:/st/stm32cubeide_1.0.2/stm32cubeide/plugins/com.st.stm32cube.ide.mcu.externaltools.gnu-tools-for-stm32.7-2018-q2-update.win32_1.0.0.201904181610/tools/bin/../lib/gcc/arm-none-eabi/7.3.1/thumb/v7e-m/fpv4-sp/hard/crtn.o
                0x0000000008003670                . = ALIGN (0x4)
                0x0000000008003670                _etext = .

.vfp11_veneer   0x0000000008003670        0x0
 .vfp11_veneer  0x0000000008003670        0x0 linker stubs

.v4_bx          0x0000000008003670        0x0
 .v4_bx         0x0000000008003670        0x0 linker stubs

.iplt           0x0000000008003670        0x0
 .iplt          0x0000000008003670        0x0 c:/st/stm32cubeide_1.0.2/stm32cubeide/plugins/com.st.stm32cube.ide.mcu.externaltools.gnu-tools-for-stm32.7-2018-q2-update.win32_1.0.0.201904181610/tools/bin/../lib/gcc/arm-none-eabi/7.3.1/thumb/v7e-m/fpv4-sp/hard/crtbegin.o

.rodata         0x0000000008003670       0x18
                0x0000000008003670                . = ALIGN (0x4)
 *(.rodata)
 *(.rodata*)
 .rodata.flagBitshiftOffset.8106
                0x0000000008003670        0x8 Drivers\STM32F4xx_HAL_Driver\Src\stm32f4xx_hal_dma.o
 .rodata.AHBPrescTable
                0x0000000008003678       0x10 Src\system_stm32f4xx.o
                0x0000000008003678                AHBPrescTable
                0x0000000008003688                . = ALIGN (0x4)

.ARM.extab      0x0000000008003688        0x0
                0x0000000008003688                . = ALIGN (0x4)
 *(.ARM.extab* .gnu.linkonce.armextab.*)
                0x0000000008003688                . = ALIGN (0x4)

.ARM            0x0000000008003688        0x8
                0x0000000008003688                . = ALIGN (0x4)
                0x0000000008003688                __exidx_start = .
 *(.ARM.exidx*)
 .ARM.exidx     0x0000000008003688        0x8 c:/st/stm32cubeide_1.0.2/stm32cubeide/plugins/com.st.stm32cube.ide.mcu.externaltools.gnu-tools-for-stm32.7-2018-q2-update.win32_1.0.0.201904181610/tools/bin/../lib/gcc/arm-none-eabi/7.3.1/thumb/v7e-m/fpv4-sp/hard\libgcc.a(_udivmoddi4.o)
                0x0000000008003690                __exidx_end = .
                0x0000000008003690                . = ALIGN (0x4)

.rel.dyn        0x0000000008003690        0x0
 .rel.iplt      0x0000000008003690        0x0 c:/st/stm32cubeide_1.0.2/stm32cubeide/plugins/com.st.stm32cube.ide.mcu.externaltools.gnu-tools-for-stm32.7-2018-q2-update.win32_1.0.0.201904181610/tools/bin/../lib/gcc/arm-none-eabi/7.3.1/thumb/v7e-m/fpv4-sp/hard/crtbegin.o

.preinit_array  0x0000000008003690        0x0
                0x0000000008003690                . = ALIGN (0x4)
                0x0000000008003690                PROVIDE (__preinit_array_start = .)
 *(.preinit_array*)
                0x0000000008003690                PROVIDE (__preinit_array_end = .)
                0x0000000008003690                . = ALIGN (0x4)

.init_array     0x0000000008003690        0x4
                0x0000000008003690                . = ALIGN (0x4)
                0x0000000008003690                PROVIDE (__init_array_start = .)
 *(SORT_BY_NAME(.init_array.*))
 *(.init_array*)
 .init_array    0x0000000008003690        0x4 c:/st/stm32cubeide_1.0.2/stm32cubeide/plugins/com.st.stm32cube.ide.mcu.externaltools.gnu-tools-for-stm32.7-2018-q2-update.win32_1.0.0.201904181610/tools/bin/../lib/gcc/arm-none-eabi/7.3.1/thumb/v7e-m/fpv4-sp/hard/crtbegin.o
                0x0000000008003694                PROVIDE (__init_array_end = .)
                0x0000000008003694                . = ALIGN (0x4)

.fini_array     0x0000000008003694        0x4
                0x0000000008003694                . = ALIGN (0x4)
                [!provide]                        PROVIDE (__fini_array_start = .)
 *(SORT_BY_NAME(.fini_array.*))
 *(.fini_array*)
 .fini_array    0x0000000008003694        0x4 c:/st/stm32cubeide_1.0.2/stm32cubeide/plugins/com.st.stm32cube.ide.mcu.externaltools.gnu-tools-for-stm32.7-2018-q2-update.win32_1.0.0.201904181610/tools/bin/../lib/gcc/arm-none-eabi/7.3.1/thumb/v7e-m/fpv4-sp/hard/crtbegin.o
                [!provide]                        PROVIDE (__fini_array_end = .)
                0x0000000008003698                . = ALIGN (0x4)
                0x0000000008003698                _sidata = LOADADDR (.data)

.data           0x0000000020000000        0xc load address 0x0000000008003698
                0x0000000020000000                . = ALIGN (0x4)
                0x0000000020000000                _sdata = .
 *(.data)
 *(.data*)
 .data.uwTickPrio
                0x0000000020000000        0x4 Drivers\STM32F4xx_HAL_Driver\Src\stm32f4xx_hal.o
                0x0000000020000000                uwTickPrio
 .data.uwTickFreq
                0x0000000020000004        0x1 Drivers\STM32F4xx_HAL_Driver\Src\stm32f4xx_hal.o
                0x0000000020000004                uwTickFreq
 *fill*         0x0000000020000005        0x3 
 .data.SystemCoreClock
                0x0000000020000008        0x4 Src\system_stm32f4xx.o
                0x0000000020000008                SystemCoreClock
                0x000000002000000c                . = ALIGN (0x4)
                0x000000002000000c                _edata = .

.igot.plt       0x000000002000000c        0x0 load address 0x00000000080036a4
 .igot.plt      0x000000002000000c        0x0 c:/st/stm32cubeide_1.0.2/stm32cubeide/plugins/com.st.stm32cube.ide.mcu.externaltools.gnu-tools-for-stm32.7-2018-q2-update.win32_1.0.0.201904181610/tools/bin/../lib/gcc/arm-none-eabi/7.3.1/thumb/v7e-m/fpv4-sp/hard/crtbegin.o
                0x000000002000000c                . = ALIGN (0x4)

.bss            0x000000002000000c      0x9b0 load address 0x00000000080036a4
                0x000000002000000c                _sbss = .
                0x000000002000000c                __bss_start__ = _sbss
 *(.bss)
 .bss           0x000000002000000c       0x1c c:/st/stm32cubeide_1.0.2/stm32cubeide/plugins/com.st.stm32cube.ide.mcu.externaltools.gnu-tools-for-stm32.7-2018-q2-update.win32_1.0.0.201904181610/tools/bin/../lib/gcc/arm-none-eabi/7.3.1/thumb/v7e-m/fpv4-sp/hard/crtbegin.o
 *(.bss*)
 *(COMMON)
 COMMON         0x0000000020000028        0x4 Drivers\STM32F4xx_HAL_Driver\Src\stm32f4xx_hal.o
                0x0000000020000028                uwTick
 COMMON         0x000000002000002c      0x990 Src\main.o
                0x000000002000002c                adc_val
                0x000000002000042c                dac_val
                0x000000002000082c                htim2
                0x000000002000086c                hdma_spi2_tx
                0x00000000200008cc                hdma_spi3_rx
                0x000000002000092c                hi2s2
                0x0000000020000974                hi2s3
                0x00000000200009bc                . = ALIGN (0x4)
                0x00000000200009bc                _ebss = .
                0x00000000200009bc                __bss_end__ = _ebss

._user_heap_stack
                0x00000000200009bc      0x604 load address 0x00000000080036a4
                0x00000000200009c0                . = ALIGN (0x8)
 *fill*         0x00000000200009bc        0x4 
                0x00000000200009c0                PROVIDE (end = .)
                [!provide]                        PROVIDE (_end = .)
                0x0000000020000bc0                . = (. + _Min_Heap_Size)
 *fill*         0x00000000200009c0      0x200 
                0x0000000020000fc0                . = (. + _Min_Stack_Size)
 *fill*         0x0000000020000bc0      0x400 
                0x0000000020000fc0                . = ALIGN (0x8)

/DISCARD/
 libc.a(*)
 libm.a(*)
 libgcc.a(*)

.ARM.attributes
                0x0000000000000000       0x30
 *(.ARM.attributes)
 .ARM.attributes
                0x0000000000000000       0x22 c:/st/stm32cubeide_1.0.2/stm32cubeide/plugins/com.st.stm32cube.ide.mcu.externaltools.gnu-tools-for-stm32.7-2018-q2-update.win32_1.0.0.201904181610/tools/bin/../lib/gcc/arm-none-eabi/7.3.1/thumb/v7e-m/fpv4-sp/hard/crti.o
 .ARM.attributes
                0x0000000000000022       0x34 c:/st/stm32cubeide_1.0.2/stm32cubeide/plugins/com.st.stm32cube.ide.mcu.externaltools.gnu-tools-for-stm32.7-2018-q2-update.win32_1.0.0.201904181610/tools/bin/../lib/gcc/arm-none-eabi/7.3.1/thumb/v7e-m/fpv4-sp/hard/crtbegin.o
 .ARM.attributes
                0x0000000000000056       0x39 Drivers\STM32F4xx_HAL_Driver\Src\stm32f4xx_hal.o
 .ARM.attributes
                0x000000000000008f       0x39 Drivers\STM32F4xx_HAL_Driver\Src\stm32f4xx_hal_cortex.o
 .ARM.attributes
                0x00000000000000c8       0x39 Drivers\STM32F4xx_HAL_Driver\Src\stm32f4xx_hal_dma.o
 .ARM.attributes
                0x0000000000000101       0x39 Drivers\STM32F4xx_HAL_Driver\Src\stm32f4xx_hal_gpio.o
 .ARM.attributes
                0x000000000000013a       0x39 Drivers\STM32F4xx_HAL_Driver\Src\stm32f4xx_hal_i2s.o
 .ARM.attributes
                0x0000000000000173       0x39 Drivers\STM32F4xx_HAL_Driver\Src\stm32f4xx_hal_i2s_ex.o
 .ARM.attributes
                0x00000000000001ac       0x39 Drivers\STM32F4xx_HAL_Driver\Src\stm32f4xx_hal_rcc.o
 .ARM.attributes
                0x00000000000001e5       0x39 Drivers\STM32F4xx_HAL_Driver\Src\stm32f4xx_hal_rcc_ex.o
 .ARM.attributes
                0x000000000000021e       0x39 Drivers\STM32F4xx_HAL_Driver\Src\stm32f4xx_hal_tim.o
 .ARM.attributes
                0x0000000000000257       0x39 Drivers\STM32F4xx_HAL_Driver\Src\stm32f4xx_hal_tim_ex.o
 .ARM.attributes
                0x0000000000000290       0x39 Src\main.o
 .ARM.attributes
                0x00000000000002c9       0x39 Src\stm32f4xx_hal_msp.o
 .ARM.attributes
                0x0000000000000302       0x39 Src\stm32f4xx_it.o
 .ARM.attributes
                0x000000000000033b       0x39 Src\system_stm32f4xx.o
 .ARM.attributes
                0x0000000000000374       0x21 Startup\startup_stm32f407vgtx.o
 .ARM.attributes
                0x0000000000000395       0x34 c:/st/stm32cubeide_1.0.2/stm32cubeide/plugins/com.st.stm32cube.ide.mcu.externaltools.gnu-tools-for-stm32.7-2018-q2-update.win32_1.0.0.201904181610/tools/bin/../lib/gcc/arm-none-eabi/7.3.1/../../../../arm-none-eabi/lib/thumb/v7e-m/fpv4-sp/hard\libc_nano.a(lib_a-init.o)
 .ARM.attributes
                0x00000000000003c9       0x34 c:/st/stm32cubeide_1.0.2/stm32cubeide/plugins/com.st.stm32cube.ide.mcu.externaltools.gnu-tools-for-stm32.7-2018-q2-update.win32_1.0.0.201904181610/tools/bin/../lib/gcc/arm-none-eabi/7.3.1/../../../../arm-none-eabi/lib/thumb/v7e-m/fpv4-sp/hard\libc_nano.a(lib_a-memset.o)
 .ARM.attributes
                0x00000000000003fd       0x22 c:/st/stm32cubeide_1.0.2/stm32cubeide/plugins/com.st.stm32cube.ide.mcu.externaltools.gnu-tools-for-stm32.7-2018-q2-update.win32_1.0.0.201904181610/tools/bin/../lib/gcc/arm-none-eabi/7.3.1/thumb/v7e-m/fpv4-sp/hard\libgcc.a(_aeabi_uldivmod.o)
 .ARM.attributes
                0x000000000000041f       0x34 c:/st/stm32cubeide_1.0.2/stm32cubeide/plugins/com.st.stm32cube.ide.mcu.externaltools.gnu-tools-for-stm32.7-2018-q2-update.win32_1.0.0.201904181610/tools/bin/../lib/gcc/arm-none-eabi/7.3.1/thumb/v7e-m/fpv4-sp/hard\libgcc.a(_udivmoddi4.o)
 .ARM.attributes
                0x0000000000000453       0x22 c:/st/stm32cubeide_1.0.2/stm32cubeide/plugins/com.st.stm32cube.ide.mcu.externaltools.gnu-tools-for-stm32.7-2018-q2-update.win32_1.0.0.201904181610/tools/bin/../lib/gcc/arm-none-eabi/7.3.1/thumb/v7e-m/fpv4-sp/hard\libgcc.a(_dvmd_tls.o)
 .ARM.attributes
                0x0000000000000475       0x22 c:/st/stm32cubeide_1.0.2/stm32cubeide/plugins/com.st.stm32cube.ide.mcu.externaltools.gnu-tools-for-stm32.7-2018-q2-update.win32_1.0.0.201904181610/tools/bin/../lib/gcc/arm-none-eabi/7.3.1/thumb/v7e-m/fpv4-sp/hard/crtn.o
OUTPUT(I2S_ADC.elf elf32-littlearm)

.debug_info     0x0000000000000000     0xb2b8
 .debug_info    0x0000000000000000      0x921 Drivers\STM32F4xx_HAL_Driver\Src\stm32f4xx_hal.o
 .debug_info    0x0000000000000921      0xdd6 Drivers\STM32F4xx_HAL_Driver\Src\stm32f4xx_hal_cortex.o
 .debug_info    0x00000000000016f7      0x916 Drivers\STM32F4xx_HAL_Driver\Src\stm32f4xx_hal_dma.o
 .debug_info    0x000000000000200d      0x763 Drivers\STM32F4xx_HAL_Driver\Src\stm32f4xx_hal_gpio.o
 .debug_info    0x0000000000002770      0xd8d Drivers\STM32F4xx_HAL_Driver\Src\stm32f4xx_hal_i2s.o
 .debug_info    0x00000000000034fd      0xb24 Drivers\STM32F4xx_HAL_Driver\Src\stm32f4xx_hal_i2s_ex.o
 .debug_info    0x0000000000004021      0x8a4 Drivers\STM32F4xx_HAL_Driver\Src\stm32f4xx_hal_rcc.o
 .debug_info    0x00000000000048c5      0x55c Drivers\STM32F4xx_HAL_Driver\Src\stm32f4xx_hal_rcc_ex.o
 .debug_info    0x0000000000004e21     0x2456 Drivers\STM32F4xx_HAL_Driver\Src\stm32f4xx_hal_tim.o
 .debug_info    0x0000000000007277     0x1105 Drivers\STM32F4xx_HAL_Driver\Src\stm32f4xx_hal_tim_ex.o
 .debug_info    0x000000000000837c     0x1921 Src\main.o
 .debug_info    0x0000000000009c9d      0xcba Src\stm32f4xx_hal_msp.o
 .debug_info    0x000000000000a957      0x43d Src\stm32f4xx_it.o
 .debug_info    0x000000000000ad94      0x502 Src\system_stm32f4xx.o
 .debug_info    0x000000000000b296       0x22 Startup\startup_stm32f407vgtx.o

.debug_abbrev   0x0000000000000000     0x1c26
 .debug_abbrev  0x0000000000000000      0x1cb Drivers\STM32F4xx_HAL_Driver\Src\stm32f4xx_hal.o
 .debug_abbrev  0x00000000000001cb      0x2fa Drivers\STM32F4xx_HAL_Driver\Src\stm32f4xx_hal_cortex.o
 .debug_abbrev  0x00000000000004c5      0x229 Drivers\STM32F4xx_HAL_Driver\Src\stm32f4xx_hal_dma.o
 .debug_abbrev  0x00000000000006ee      0x1c9 Drivers\STM32F4xx_HAL_Driver\Src\stm32f4xx_hal_gpio.o
 .debug_abbrev  0x00000000000008b7      0x21b Drivers\STM32F4xx_HAL_Driver\Src\stm32f4xx_hal_i2s.o
 .debug_abbrev  0x0000000000000ad2      0x246 Drivers\STM32F4xx_HAL_Driver\Src\stm32f4xx_hal_i2s_ex.o
 .debug_abbrev  0x0000000000000d18      0x245 Drivers\STM32F4xx_HAL_Driver\Src\stm32f4xx_hal_rcc.o
 .debug_abbrev  0x0000000000000f5d      0x173 Drivers\STM32F4xx_HAL_Driver\Src\stm32f4xx_hal_rcc_ex.o
 .debug_abbrev  0x00000000000010d0      0x230 Drivers\STM32F4xx_HAL_Driver\Src\stm32f4xx_hal_tim.o
 .debug_abbrev  0x0000000000001300      0x21e Drivers\STM32F4xx_HAL_Driver\Src\stm32f4xx_hal_tim_ex.o
 .debug_abbrev  0x000000000000151e      0x2c7 Src\main.o
 .debug_abbrev  0x00000000000017e5      0x1d5 Src\stm32f4xx_hal_msp.o
 .debug_abbrev  0x00000000000019ba      0x149 Src\stm32f4xx_it.o
 .debug_abbrev  0x0000000000001b03      0x111 Src\system_stm32f4xx.o
 .debug_abbrev  0x0000000000001c14       0x12 Startup\startup_stm32f407vgtx.o

.debug_aranges  0x0000000000000000      0xba8
 .debug_aranges
                0x0000000000000000       0xf0 Drivers\STM32F4xx_HAL_Driver\Src\stm32f4xx_hal.o
 .debug_aranges
                0x00000000000000f0      0x118 Drivers\STM32F4xx_HAL_Driver\Src\stm32f4xx_hal_cortex.o
 .debug_aranges
                0x0000000000000208       0x90 Drivers\STM32F4xx_HAL_Driver\Src\stm32f4xx_hal_dma.o
 .debug_aranges
                0x0000000000000298       0x58 Drivers\STM32F4xx_HAL_Driver\Src\stm32f4xx_hal_gpio.o
 .debug_aranges
                0x00000000000002f0      0x108 Drivers\STM32F4xx_HAL_Driver\Src\stm32f4xx_hal_i2s.o
 .debug_aranges
                0x00000000000003f8       0x88 Drivers\STM32F4xx_HAL_Driver\Src\stm32f4xx_hal_i2s_ex.o
 .debug_aranges
                0x0000000000000480       0x88 Drivers\STM32F4xx_HAL_Driver\Src\stm32f4xx_hal_rcc.o
 .debug_aranges
                0x0000000000000508       0x48 Drivers\STM32F4xx_HAL_Driver\Src\stm32f4xx_hal_rcc_ex.o
 .debug_aranges
                0x0000000000000550      0x3a8 Drivers\STM32F4xx_HAL_Driver\Src\stm32f4xx_hal_tim.o
 .debug_aranges
                0x00000000000008f8      0x150 Drivers\STM32F4xx_HAL_Driver\Src\stm32f4xx_hal_tim_ex.o
 .debug_aranges
                0x0000000000000a48       0x60 Src\main.o
 .debug_aranges
                0x0000000000000aa8       0x40 Src\stm32f4xx_hal_msp.o
 .debug_aranges
                0x0000000000000ae8       0x70 Src\stm32f4xx_it.o
 .debug_aranges
                0x0000000000000b58       0x28 Src\system_stm32f4xx.o
 .debug_aranges
                0x0000000000000b80       0x28 Startup\startup_stm32f407vgtx.o

.debug_ranges   0x0000000000000000      0xac0
 .debug_ranges  0x0000000000000000       0xe0 Drivers\STM32F4xx_HAL_Driver\Src\stm32f4xx_hal.o
 .debug_ranges  0x00000000000000e0      0x108 Drivers\STM32F4xx_HAL_Driver\Src\stm32f4xx_hal_cortex.o
 .debug_ranges  0x00000000000001e8       0x80 Drivers\STM32F4xx_HAL_Driver\Src\stm32f4xx_hal_dma.o
 .debug_ranges  0x0000000000000268       0x48 Drivers\STM32F4xx_HAL_Driver\Src\stm32f4xx_hal_gpio.o
 .debug_ranges  0x00000000000002b0       0xf8 Drivers\STM32F4xx_HAL_Driver\Src\stm32f4xx_hal_i2s.o
 .debug_ranges  0x00000000000003a8       0x78 Drivers\STM32F4xx_HAL_Driver\Src\stm32f4xx_hal_i2s_ex.o
 .debug_ranges  0x0000000000000420       0x78 Drivers\STM32F4xx_HAL_Driver\Src\stm32f4xx_hal_rcc.o
 .debug_ranges  0x0000000000000498       0x38 Drivers\STM32F4xx_HAL_Driver\Src\stm32f4xx_hal_rcc_ex.o
 .debug_ranges  0x00000000000004d0      0x398 Drivers\STM32F4xx_HAL_Driver\Src\stm32f4xx_hal_tim.o
 .debug_ranges  0x0000000000000868      0x140 Drivers\STM32F4xx_HAL_Driver\Src\stm32f4xx_hal_tim_ex.o
 .debug_ranges  0x00000000000009a8       0x50 Src\main.o
 .debug_ranges  0x00000000000009f8       0x30 Src\stm32f4xx_hal_msp.o
 .debug_ranges  0x0000000000000a28       0x60 Src\stm32f4xx_it.o
 .debug_ranges  0x0000000000000a88       0x18 Src\system_stm32f4xx.o
 .debug_ranges  0x0000000000000aa0       0x20 Startup\startup_stm32f407vgtx.o

.debug_macro    0x0000000000000000    0x20abc
 .debug_macro   0x0000000000000000      0x23d Drivers\STM32F4xx_HAL_Driver\Src\stm32f4xx_hal.o
 .debug_macro   0x000000000000023d      0xa5a Drivers\STM32F4xx_HAL_Driver\Src\stm32f4xx_hal.o
 .debug_macro   0x0000000000000c97      0x18a Drivers\STM32F4xx_HAL_Driver\Src\stm32f4xx_hal.o
 .debug_macro   0x0000000000000e21       0x32 Drivers\STM32F4xx_HAL_Driver\Src\stm32f4xx_hal.o
 .debug_macro   0x0000000000000e53       0x2f Drivers\STM32F4xx_HAL_Driver\Src\stm32f4xx_hal.o
 .debug_macro   0x0000000000000e82       0x22 Drivers\STM32F4xx_HAL_Driver\Src\stm32f4xx_hal.o
 .debug_macro   0x0000000000000ea4       0x8e Drivers\STM32F4xx_HAL_Driver\Src\stm32f4xx_hal.o
 .debug_macro   0x0000000000000f32       0x51 Drivers\STM32F4xx_HAL_Driver\Src\stm32f4xx_hal.o
 .debug_macro   0x0000000000000f83       0xef Drivers\STM32F4xx_HAL_Driver\Src\stm32f4xx_hal.o
 .debug_macro   0x0000000000001072       0x6a Drivers\STM32F4xx_HAL_Driver\Src\stm32f4xx_hal.o
 .debug_macro   0x00000000000010dc      0x1df Drivers\STM32F4xx_HAL_Driver\Src\stm32f4xx_hal.o
 .debug_macro   0x00000000000012bb       0x1c Drivers\STM32F4xx_HAL_Driver\Src\stm32f4xx_hal.o
 .debug_macro   0x00000000000012d7       0x22 Drivers\STM32F4xx_HAL_Driver\Src\stm32f4xx_hal.o
 .debug_macro   0x00000000000012f9       0xdf Drivers\STM32F4xx_HAL_Driver\Src\stm32f4xx_hal.o
 .debug_macro   0x00000000000013d8     0x102d Drivers\STM32F4xx_HAL_Driver\Src\stm32f4xx_hal.o
 .debug_macro   0x0000000000002405      0x11f Drivers\STM32F4xx_HAL_Driver\Src\stm32f4xx_hal.o
 .debug_macro   0x0000000000002524    0x15e43 Drivers\STM32F4xx_HAL_Driver\Src\stm32f4xx_hal.o
 .debug_macro   0x0000000000018367       0x43 Drivers\STM32F4xx_HAL_Driver\Src\stm32f4xx_hal.o
 .debug_macro   0x00000000000183aa     0x35d4 Drivers\STM32F4xx_HAL_Driver\Src\stm32f4xx_hal.o
 .debug_macro   0x000000000001b97e      0x174 Drivers\STM32F4xx_HAL_Driver\Src\stm32f4xx_hal.o
 .debug_macro   0x000000000001baf2       0x5a Drivers\STM32F4xx_HAL_Driver\Src\stm32f4xx_hal.o
 .debug_macro   0x000000000001bb4c      0x96b Drivers\STM32F4xx_HAL_Driver\Src\stm32f4xx_hal.o
 .debug_macro   0x000000000001c4b7      0x9fe Drivers\STM32F4xx_HAL_Driver\Src\stm32f4xx_hal.o
 .debug_macro   0x000000000001ceb5       0xed Drivers\STM32F4xx_HAL_Driver\Src\stm32f4xx_hal.o
 .debug_macro   0x000000000001cfa2      0x117 Drivers\STM32F4xx_HAL_Driver\Src\stm32f4xx_hal.o
 .debug_macro   0x000000000001d0b9      0x13e Drivers\STM32F4xx_HAL_Driver\Src\stm32f4xx_hal.o
 .debug_macro   0x000000000001d1f7       0x27 Drivers\STM32F4xx_HAL_Driver\Src\stm32f4xx_hal.o
 .debug_macro   0x000000000001d21e      0x287 Drivers\STM32F4xx_HAL_Driver\Src\stm32f4xx_hal.o
 .debug_macro   0x000000000001d4a5       0x5f Drivers\STM32F4xx_HAL_Driver\Src\stm32f4xx_hal.o
 .debug_macro   0x000000000001d504      0x236 Drivers\STM32F4xx_HAL_Driver\Src\stm32f4xx_hal.o
 .debug_macro   0x000000000001d73a      0x12c Drivers\STM32F4xx_HAL_Driver\Src\stm32f4xx_hal.o
 .debug_macro   0x000000000001d866      0x21e Drivers\STM32F4xx_HAL_Driver\Src\stm32f4xx_hal.o
 .debug_macro   0x000000000001da84       0x2e Drivers\STM32F4xx_HAL_Driver\Src\stm32f4xx_hal.o
 .debug_macro   0x000000000001dab2      0x199 Drivers\STM32F4xx_HAL_Driver\Src\stm32f4xx_hal.o
 .debug_macro   0x000000000001dc4b       0x40 Drivers\STM32F4xx_HAL_Driver\Src\stm32f4xx_hal.o
 .debug_macro   0x000000000001dc8b       0x4a Drivers\STM32F4xx_HAL_Driver\Src\stm32f4xx_hal.o
 .debug_macro   0x000000000001dcd5      0x11a Drivers\STM32F4xx_HAL_Driver\Src\stm32f4xx_hal.o
 .debug_macro   0x000000000001ddef       0x7e Drivers\STM32F4xx_HAL_Driver\Src\stm32f4xx_hal.o
 .debug_macro   0x000000000001de6d       0x89 Drivers\STM32F4xx_HAL_Driver\Src\stm32f4xx_hal.o
 .debug_macro   0x000000000001def6      0x87d Drivers\STM32F4xx_HAL_Driver\Src\stm32f4xx_hal.o
 .debug_macro   0x000000000001e773       0x47 Drivers\STM32F4xx_HAL_Driver\Src\stm32f4xx_hal.o
 .debug_macro   0x000000000001e7ba      0x12d Drivers\STM32F4xx_HAL_Driver\Src\stm32f4xx_hal.o
 .debug_macro   0x000000000001e8e7      0x1dd Drivers\STM32F4xx_HAL_Driver\Src\stm32f4xx_hal_cortex.o
 .debug_macro   0x000000000001eac4      0x1e3 Drivers\STM32F4xx_HAL_Driver\Src\stm32f4xx_hal_dma.o
 .debug_macro   0x000000000001eca7      0x213 Drivers\STM32F4xx_HAL_Driver\Src\stm32f4xx_hal_gpio.o
 .debug_macro   0x000000000001eeba      0x1de Drivers\STM32F4xx_HAL_Driver\Src\stm32f4xx_hal_i2s.o
 .debug_macro   0x000000000001f098      0x1dd Drivers\STM32F4xx_HAL_Driver\Src\stm32f4xx_hal_i2s_ex.o
 .debug_macro   0x000000000001f275      0x201 Drivers\STM32F4xx_HAL_Driver\Src\stm32f4xx_hal_rcc.o
 .debug_macro   0x000000000001f476      0x1dd Drivers\STM32F4xx_HAL_Driver\Src\stm32f4xx_hal_rcc_ex.o
 .debug_macro   0x000000000001f653      0x1de Drivers\STM32F4xx_HAL_Driver\Src\stm32f4xx_hal_tim.o
 .debug_macro   0x000000000001f831      0x1dd Drivers\STM32F4xx_HAL_Driver\Src\stm32f4xx_hal_tim_ex.o
 .debug_macro   0x000000000001fa0e      0x2a3 Src\main.o
 .debug_macro   0x000000000001fcb1       0x46 Src\main.o
 .debug_macro   0x000000000001fcf7       0x18 Src\main.o
 .debug_macro   0x000000000001fd0f       0x3c Src\main.o
 .debug_macro   0x000000000001fd4b       0x34 Src\main.o
 .debug_macro   0x000000000001fd7f       0x52 Src\main.o
 .debug_macro   0x000000000001fdd1       0x1f Src\main.o
 .debug_macro   0x000000000001fdf0       0x43 Src\main.o
 .debug_macro   0x000000000001fe33       0x20 Src\main.o
 .debug_macro   0x000000000001fe53      0x1a3 Src\main.o
 .debug_macro   0x000000000001fff6      0x32a Src\main.o
 .debug_macro   0x0000000000020320      0x1e1 Src\main.o
 .debug_macro   0x0000000000020501      0x1e7 Src\stm32f4xx_hal_msp.o
 .debug_macro   0x00000000000206e8      0x1f1 Src\stm32f4xx_it.o
 .debug_macro   0x00000000000208d9      0x1e3 Src\system_stm32f4xx.o

.debug_line     0x0000000000000000     0x96ff
 .debug_line    0x0000000000000000      0x8d7 Drivers\STM32F4xx_HAL_Driver\Src\stm32f4xx_hal.o
 .debug_line    0x00000000000008d7      0x9fe Drivers\STM32F4xx_HAL_Driver\Src\stm32f4xx_hal_cortex.o
 .debug_line    0x00000000000012d5      0x9a9 Drivers\STM32F4xx_HAL_Driver\Src\stm32f4xx_hal_dma.o
 .debug_line    0x0000000000001c7e      0x8b9 Drivers\STM32F4xx_HAL_Driver\Src\stm32f4xx_hal_gpio.o
 .debug_line    0x0000000000002537      0xc92 Drivers\STM32F4xx_HAL_Driver\Src\stm32f4xx_hal_i2s.o
 .debug_line    0x00000000000031c9      0xea4 Drivers\STM32F4xx_HAL_Driver\Src\stm32f4xx_hal_i2s_ex.o
 .debug_line    0x000000000000406d      0x91e Drivers\STM32F4xx_HAL_Driver\Src\stm32f4xx_hal_rcc.o
 .debug_line    0x000000000000498b      0x7fb Drivers\STM32F4xx_HAL_Driver\Src\stm32f4xx_hal_rcc_ex.o
 .debug_line    0x0000000000005186     0x193b Drivers\STM32F4xx_HAL_Driver\Src\stm32f4xx_hal_tim.o
 .debug_line    0x0000000000006ac1      0xcde Drivers\STM32F4xx_HAL_Driver\Src\stm32f4xx_hal_tim_ex.o
 .debug_line    0x000000000000779f      0x8ef Src\main.o
 .debug_line    0x000000000000808e      0x767 Src\stm32f4xx_hal_msp.o
 .debug_line    0x00000000000087f5      0x798 Src\stm32f4xx_it.o
 .debug_line    0x0000000000008f8d      0x6f1 Src\system_stm32f4xx.o
 .debug_line    0x000000000000967e       0x81 Startup\startup_stm32f407vgtx.o

.debug_str      0x0000000000000000    0xc79b6
 .debug_str     0x0000000000000000    0xc1505 Drivers\STM32F4xx_HAL_Driver\Src\stm32f4xx_hal.o
                                      0xc188c (size before relaxing)
 .debug_str     0x00000000000c1505      0x3ed Drivers\STM32F4xx_HAL_Driver\Src\stm32f4xx_hal_cortex.o
                                      0xc1607 (size before relaxing)
 .debug_str     0x00000000000c18f2      0x536 Drivers\STM32F4xx_HAL_Driver\Src\stm32f4xx_hal_dma.o
                                      0xc1160 (size before relaxing)
 .debug_str     0x00000000000c1e28      0x292 Drivers\STM32F4xx_HAL_Driver\Src\stm32f4xx_hal_gpio.o
                                      0xc0f8a (size before relaxing)
 .debug_str     0x00000000000c20ba      0x449 Drivers\STM32F4xx_HAL_Driver\Src\stm32f4xx_hal_i2s.o
                                      0xc12e9 (size before relaxing)
 .debug_str     0x00000000000c2503      0x1fc Drivers\STM32F4xx_HAL_Driver\Src\stm32f4xx_hal_i2s_ex.o
                                      0xc123d (size before relaxing)
 .debug_str     0x00000000000c26ff      0x379 Drivers\STM32F4xx_HAL_Driver\Src\stm32f4xx_hal_rcc.o
                                      0xc112d (size before relaxing)
 .debug_str     0x00000000000c2a78      0x179 Drivers\STM32F4xx_HAL_Driver\Src\stm32f4xx_hal_rcc_ex.o
                                      0xc0e80 (size before relaxing)
 .debug_str     0x00000000000c2bf1      0xf17 Drivers\STM32F4xx_HAL_Driver\Src\stm32f4xx_hal_tim.o
                                      0xc1e57 (size before relaxing)
 .debug_str     0x00000000000c3b08      0x4ec Drivers\STM32F4xx_HAL_Driver\Src\stm32f4xx_hal_tim_ex.o
                                      0xc1657 (size before relaxing)
 .debug_str     0x00000000000c3ff4     0x382a Src\main.o
                                      0xc52b8 (size before relaxing)
 .debug_str     0x00000000000c781e       0x25 Src\stm32f4xx_hal_msp.o
                                      0xc13c3 (size before relaxing)
 .debug_str     0x00000000000c7843       0xe8 Src\stm32f4xx_it.o
                                      0xc0ee3 (size before relaxing)
 .debug_str     0x00000000000c792b       0x5a Src\system_stm32f4xx.o
                                      0xc0d46 (size before relaxing)
 .debug_str     0x00000000000c7985       0x31 Startup\startup_stm32f407vgtx.o
                                         0x88 (size before relaxing)

.comment        0x0000000000000000       0x7b
 .comment       0x0000000000000000       0x7b Drivers\STM32F4xx_HAL_Driver\Src\stm32f4xx_hal.o
                                         0x7c (size before relaxing)
 .comment       0x000000000000007b       0x7c Drivers\STM32F4xx_HAL_Driver\Src\stm32f4xx_hal_cortex.o
 .comment       0x000000000000007b       0x7c Drivers\STM32F4xx_HAL_Driver\Src\stm32f4xx_hal_dma.o
 .comment       0x000000000000007b       0x7c Drivers\STM32F4xx_HAL_Driver\Src\stm32f4xx_hal_gpio.o
 .comment       0x000000000000007b       0x7c Drivers\STM32F4xx_HAL_Driver\Src\stm32f4xx_hal_i2s.o
 .comment       0x000000000000007b       0x7c Drivers\STM32F4xx_HAL_Driver\Src\stm32f4xx_hal_i2s_ex.o
 .comment       0x000000000000007b       0x7c Drivers\STM32F4xx_HAL_Driver\Src\stm32f4xx_hal_rcc.o
 .comment       0x000000000000007b       0x7c Drivers\STM32F4xx_HAL_Driver\Src\stm32f4xx_hal_rcc_ex.o
 .comment       0x000000000000007b       0x7c Drivers\STM32F4xx_HAL_Driver\Src\stm32f4xx_hal_tim.o
 .comment       0x000000000000007b       0x7c Drivers\STM32F4xx_HAL_Driver\Src\stm32f4xx_hal_tim_ex.o
 .comment       0x000000000000007b       0x7c Src\main.o
 .comment       0x000000000000007b       0x7c Src\stm32f4xx_hal_msp.o
 .comment       0x000000000000007b       0x7c Src\stm32f4xx_it.o
 .comment       0x000000000000007b       0x7c Src\system_stm32f4xx.o

.debug_frame    0x0000000000000000     0x3030
 .debug_frame   0x0000000000000000      0x374 Drivers\STM32F4xx_HAL_Driver\Src\stm32f4xx_hal.o
 .debug_frame   0x0000000000000374      0x498 Drivers\STM32F4xx_HAL_Driver\Src\stm32f4xx_hal_cortex.o
 .debug_frame   0x000000000000080c      0x250 Drivers\STM32F4xx_HAL_Driver\Src\stm32f4xx_hal_dma.o
 .debug_frame   0x0000000000000a5c      0x14c Drivers\STM32F4xx_HAL_Driver\Src\stm32f4xx_hal_gpio.o
 .debug_frame   0x0000000000000ba8      0x480 Drivers\STM32F4xx_HAL_Driver\Src\stm32f4xx_hal_i2s.o
 .debug_frame   0x0000000000001028      0x220 Drivers\STM32F4xx_HAL_Driver\Src\stm32f4xx_hal_i2s_ex.o
 .debug_frame   0x0000000000001248      0x1f0 Drivers\STM32F4xx_HAL_Driver\Src\stm32f4xx_hal_rcc.o
 .debug_frame   0x0000000000001438       0xf0 Drivers\STM32F4xx_HAL_Driver\Src\stm32f4xx_hal_rcc_ex.o
 .debug_frame   0x0000000000001528     0x10f0 Drivers\STM32F4xx_HAL_Driver\Src\stm32f4xx_hal_tim.o
 .debug_frame   0x0000000000002618      0x5c0 Drivers\STM32F4xx_HAL_Driver\Src\stm32f4xx_hal_tim_ex.o
 .debug_frame   0x0000000000002bd8      0x140 Src\main.o
 .debug_frame   0x0000000000002d18       0xd0 Src\stm32f4xx_hal_msp.o
 .debug_frame   0x0000000000002de8      0x144 Src\stm32f4xx_it.o
 .debug_frame   0x0000000000002f2c       0x58 Src\system_stm32f4xx.o
 .debug_frame   0x0000000000002f84       0x2c c:/st/stm32cubeide_1.0.2/stm32cubeide/plugins/com.st.stm32cube.ide.mcu.externaltools.gnu-tools-for-stm32.7-2018-q2-update.win32_1.0.0.201904181610/tools/bin/../lib/gcc/arm-none-eabi/7.3.1/../../../../arm-none-eabi/lib/thumb/v7e-m/fpv4-sp/hard\libc_nano.a(lib_a-init.o)
 .debug_frame   0x0000000000002fb0       0x20 c:/st/stm32cubeide_1.0.2/stm32cubeide/plugins/com.st.stm32cube.ide.mcu.externaltools.gnu-tools-for-stm32.7-2018-q2-update.win32_1.0.0.201904181610/tools/bin/../lib/gcc/arm-none-eabi/7.3.1/../../../../arm-none-eabi/lib/thumb/v7e-m/fpv4-sp/hard\libc_nano.a(lib_a-memset.o)
 .debug_frame   0x0000000000002fd0       0x2c c:/st/stm32cubeide_1.0.2/stm32cubeide/plugins/com.st.stm32cube.ide.mcu.externaltools.gnu-tools-for-stm32.7-2018-q2-update.win32_1.0.0.201904181610/tools/bin/../lib/gcc/arm-none-eabi/7.3.1/thumb/v7e-m/fpv4-sp/hard\libgcc.a(_aeabi_uldivmod.o)
 .debug_frame   0x0000000000002ffc       0x34 c:/st/stm32cubeide_1.0.2/stm32cubeide/plugins/com.st.stm32cube.ide.mcu.externaltools.gnu-tools-for-stm32.7-2018-q2-update.win32_1.0.0.201904181610/tools/bin/../lib/gcc/arm-none-eabi/7.3.1/thumb/v7e-m/fpv4-sp/hard\libgcc.a(_udivmoddi4.o)
